Archive member included to satisfy reference by file (symbol)

C:/ST/STM32CubeIDE_1.19.0/STM32CubeIDE/plugins/com.st.stm32cube.ide.mcu.externaltools.gnu-tools-for-stm32.13.3.rel1.win32_1.0.0.202411081344/tools/bin/../lib/gcc/arm-none-eabi/13.3.1/../../../../arm-none-eabi/lib/thumb/v6-m/nofp\libc_nano.a(libc_a-exit.o)
                              C:/ST/STM32CubeIDE_1.19.0/STM32CubeIDE/plugins/com.st.stm32cube.ide.mcu.externaltools.gnu-tools-for-stm32.13.3.rel1.win32_1.0.0.202411081344/tools/bin/../lib/gcc/arm-none-eabi/13.3.1/../../../../arm-none-eabi/lib/thumb/v6-m/nofp/crt0.o (exit)
C:/ST/STM32CubeIDE_1.19.0/STM32CubeIDE/plugins/com.st.stm32cube.ide.mcu.externaltools.gnu-tools-for-stm32.13.3.rel1.win32_1.0.0.202411081344/tools/bin/../lib/gcc/arm-none-eabi/13.3.1/../../../../arm-none-eabi/lib/thumb/v6-m/nofp\libc_nano.a(libc_a-findfp.o)
                              C:/ST/STM32CubeIDE_1.19.0/STM32CubeIDE/plugins/com.st.stm32cube.ide.mcu.externaltools.gnu-tools-for-stm32.13.3.rel1.win32_1.0.0.202411081344/tools/bin/../lib/gcc/arm-none-eabi/13.3.1/../../../../arm-none-eabi/lib/thumb/v6-m/nofp\libc_nano.a(libc_a-exit.o) (__stdio_exit_handler)
C:/ST/STM32CubeIDE_1.19.0/STM32CubeIDE/plugins/com.st.stm32cube.ide.mcu.externaltools.gnu-tools-for-stm32.13.3.rel1.win32_1.0.0.202411081344/tools/bin/../lib/gcc/arm-none-eabi/13.3.1/../../../../arm-none-eabi/lib/thumb/v6-m/nofp\libc_nano.a(libc_a-fwalk.o)
                              C:/ST/STM32CubeIDE_1.19.0/STM32CubeIDE/plugins/com.st.stm32cube.ide.mcu.externaltools.gnu-tools-for-stm32.13.3.rel1.win32_1.0.0.202411081344/tools/bin/../lib/gcc/arm-none-eabi/13.3.1/../../../../arm-none-eabi/lib/thumb/v6-m/nofp\libc_nano.a(libc_a-findfp.o) (_fwalk_sglue)
C:/ST/STM32CubeIDE_1.19.0/STM32CubeIDE/plugins/com.st.stm32cube.ide.mcu.externaltools.gnu-tools-for-stm32.13.3.rel1.win32_1.0.0.202411081344/tools/bin/../lib/gcc/arm-none-eabi/13.3.1/../../../../arm-none-eabi/lib/thumb/v6-m/nofp\libc_nano.a(libc_a-sprintf.o)
                              ./Core/Src/main.o (sprintf)
C:/ST/STM32CubeIDE_1.19.0/STM32CubeIDE/plugins/com.st.stm32cube.ide.mcu.externaltools.gnu-tools-for-stm32.13.3.rel1.win32_1.0.0.202411081344/tools/bin/../lib/gcc/arm-none-eabi/13.3.1/../../../../arm-none-eabi/lib/thumb/v6-m/nofp\libc_nano.a(libc_a-stdio.o)
                              C:/ST/STM32CubeIDE_1.19.0/STM32CubeIDE/plugins/com.st.stm32cube.ide.mcu.externaltools.gnu-tools-for-stm32.13.3.rel1.win32_1.0.0.202411081344/tools/bin/../lib/gcc/arm-none-eabi/13.3.1/../../../../arm-none-eabi/lib/thumb/v6-m/nofp\libc_nano.a(libc_a-findfp.o) (__sread)
C:/ST/STM32CubeIDE_1.19.0/STM32CubeIDE/plugins/com.st.stm32cube.ide.mcu.externaltools.gnu-tools-for-stm32.13.3.rel1.win32_1.0.0.202411081344/tools/bin/../lib/gcc/arm-none-eabi/13.3.1/../../../../arm-none-eabi/lib/thumb/v6-m/nofp\libc_nano.a(libc_a-memset.o)
                              C:/ST/STM32CubeIDE_1.19.0/STM32CubeIDE/plugins/com.st.stm32cube.ide.mcu.externaltools.gnu-tools-for-stm32.13.3.rel1.win32_1.0.0.202411081344/tools/bin/../lib/gcc/arm-none-eabi/13.3.1/../../../../arm-none-eabi/lib/thumb/v6-m/nofp/crt0.o (memset)
C:/ST/STM32CubeIDE_1.19.0/STM32CubeIDE/plugins/com.st.stm32cube.ide.mcu.externaltools.gnu-tools-for-stm32.13.3.rel1.win32_1.0.0.202411081344/tools/bin/../lib/gcc/arm-none-eabi/13.3.1/../../../../arm-none-eabi/lib/thumb/v6-m/nofp\libc_nano.a(libc_a-closer.o)
                              C:/ST/STM32CubeIDE_1.19.0/STM32CubeIDE/plugins/com.st.stm32cube.ide.mcu.externaltools.gnu-tools-for-stm32.13.3.rel1.win32_1.0.0.202411081344/tools/bin/../lib/gcc/arm-none-eabi/13.3.1/../../../../arm-none-eabi/lib/thumb/v6-m/nofp\libc_nano.a(libc_a-stdio.o) (_close_r)
C:/ST/STM32CubeIDE_1.19.0/STM32CubeIDE/plugins/com.st.stm32cube.ide.mcu.externaltools.gnu-tools-for-stm32.13.3.rel1.win32_1.0.0.202411081344/tools/bin/../lib/gcc/arm-none-eabi/13.3.1/../../../../arm-none-eabi/lib/thumb/v6-m/nofp\libc_nano.a(libc_a-reent.o)
                              C:/ST/STM32CubeIDE_1.19.0/STM32CubeIDE/plugins/com.st.stm32cube.ide.mcu.externaltools.gnu-tools-for-stm32.13.3.rel1.win32_1.0.0.202411081344/tools/bin/../lib/gcc/arm-none-eabi/13.3.1/../../../../arm-none-eabi/lib/thumb/v6-m/nofp\libc_nano.a(libc_a-closer.o) (errno)
C:/ST/STM32CubeIDE_1.19.0/STM32CubeIDE/plugins/com.st.stm32cube.ide.mcu.externaltools.gnu-tools-for-stm32.13.3.rel1.win32_1.0.0.202411081344/tools/bin/../lib/gcc/arm-none-eabi/13.3.1/../../../../arm-none-eabi/lib/thumb/v6-m/nofp\libc_nano.a(libc_a-impure.o)
                              C:/ST/STM32CubeIDE_1.19.0/STM32CubeIDE/plugins/com.st.stm32cube.ide.mcu.externaltools.gnu-tools-for-stm32.13.3.rel1.win32_1.0.0.202411081344/tools/bin/../lib/gcc/arm-none-eabi/13.3.1/../../../../arm-none-eabi/lib/thumb/v6-m/nofp\libc_nano.a(libc_a-sprintf.o) (_impure_ptr)
[...]
Memory Configuration

Name             Origin             Length             Attributes
RAM              0x20000000         0x00004000         xrw
FLASH            0x08000000         0x00020000         xr
*default*        0x00000000         0xffffffff

Linker script and memory map

LOAD C:/ST/STM32CubeIDE_1.19.0/STM32CubeIDE/plugins/com.st.stm32cube.ide.mcu.externaltools.gnu-tools-for-stm32.13.3.rel1.win32_1.0.0.202411081344/tools/bin/../lib/gcc/arm-none-eabi/13.3.1/thumb/v6-m/nofp/crti.o
LOAD C:/ST/STM32CubeIDE_1.19.0/STM32CubeIDE/plugins/com.st.stm32cube.ide.mcu.externaltools.gnu-tools-for-stm32.13.3.rel1.win32_1.0.0.202411081344/tools/bin/../lib/gcc/arm-none-eabi/13.3.1/thumb/v6-m/nofp/crtbegin.o
LOAD C:/ST/STM32CubeIDE_1.19.0/STM32CubeIDE/plugins/com.st.stm32cube.ide.mcu.externaltools.gnu-tools-for-stm32.13.3.rel1.win32_1.0.0.202411081344/tools/bin/../lib/gcc/arm-none-eabi/13.3.1/../../../../arm-none-eabi/lib/thumb/v6-m/nofp/crt0.o
LOAD ./Core/Src/canbus.o
LOAD ./Core/Src/main.o
LOAD ./Core/Src/stm32f0xx_hal_msp.o
LOAD ./Core/Src/stm32f0xx_it.o
LOAD ./Core/Src/syscalls.o
LOAD ./Core/Src/sysmem.o
LOAD ./Core/Src/system_stm32f0xx.o
LOAD ./Core/Startup/startup_stm32f072rbtx.o
LOAD ./Drivers/STM32F0xx_HAL_Driver/Src/stm32f0xx_hal.o
LOAD ./Drivers/STM32F0xx_HAL_Driver/Src/stm32f0xx_hal_can.o
LOAD ./Drivers/STM32F0xx_HAL_Driver/Src/stm32f0xx_hal_cortex.o
LOAD ./Drivers/STM32F0xx_HAL_Driver/Src/stm32f0xx_hal_dma.o
LOAD ./Drivers/STM32F0xx_HAL_Driver/Src/stm32f0xx_hal_exti.o
LOAD ./Drivers/STM32F0xx_HAL_Driver/Src/stm32f0xx_hal_flash.o
LOAD ./Drivers/STM32F0xx_HAL_Driver/Src/stm32f0xx_hal_flash_ex.o
LOAD ./Drivers/STM32F0xx_HAL_Driver/Src/stm32f0xx_hal_gpio.o
LOAD ./Drivers/STM32F0xx_HAL_Driver/Src/stm32f0xx_hal_i2c.o
LOAD ./Drivers/STM32F0xx_HAL_Driver/Src/stm32f0xx_hal_i2c_ex.o
LOAD ./Drivers/STM32F0xx_HAL_Driver/Src/stm32f0xx_hal_pcd.o
LOAD ./Drivers/STM32F0xx_HAL_Driver/Src/stm32f0xx_hal_pcd_ex.o
LOAD ./Drivers/STM32F0xx_HAL_Driver/Src/stm32f0xx_hal_pwr.o
LOAD ./Drivers/STM32F0xx_HAL_Driver/Src/stm32f0xx_hal_pwr_ex.o
LOAD ./Drivers/STM32F0xx_HAL_Driver/Src/stm32f0xx_hal_rcc.o
LOAD ./Drivers/STM32F0xx_HAL_Driver/Src/stm32f0xx_hal_rcc_ex.o
LOAD ./Drivers/STM32F0xx_HAL_Driver/Src/stm32f0xx_hal_spi.o
LOAD ./Drivers/STM32F0xx_HAL_Driver/Src/stm32f0xx_hal_spi_ex.o
LOAD ./Drivers/STM32F0xx_HAL_Driver/Src/stm32f0xx_hal_uart.o
LOAD ./Drivers/STM32F0xx_HAL_Driver/Src/stm32f0xx_hal_uart_ex.o
LOAD ./Drivers/STM32F0xx_HAL_Driver/Src/stm32f0xx_ll_usb.o
LOAD ./FATFS/App/fatfs.o
LOAD ./FATFS/Target/user_diskio.o
LOAD ./FATFS/Target/user_diskio_spi.o
LOAD ./Middlewares/Third_Party/FatFs/src/diskio.o
LOAD ./Middlewares/Third_Party/FatFs/src/ff.o
LOAD ./Middlewares/Third_Party/FatFs/src/ff_gen_drv.o
LOAD ./Middlewares/Third_Party/FatFs/src/option/syscall.o
START GROUP
LOAD C:/ST/STM32CubeIDE_1.19.0/STM32CubeIDE/plugins/com.st.stm32cube.ide.mcu.externaltools.gnu-tools-for-stm32.13.3.rel1.win32_1.0.0.202411081344/tools/bin/../lib/gcc/arm-none-eabi/13.3.1/../../../../arm-none-eabi/lib/thumb/v6-m/nofp\libc_nano.a
LOAD C:/ST/STM32CubeIDE_1.19.0/STM32CubeIDE/plugins/com.st.stm32cube.ide.mcu.externaltools.gnu-tools-for-stm32.13.3.rel1.win32_1.0.0.202411081344/tools/bin/../lib/gcc/arm-none-eabi/13.3.1/../../../../arm-none-eabi/lib/thumb/v6-m/nofp\libm.a
END GROUP
START GROUP
LOAD C:/ST/STM32CubeIDE_1.19.0/STM32CubeIDE/plugins/com.st.stm32cube.ide.mcu.externaltools.gnu-tools-for-stm32.13.3.rel1.win32_1.0.0.202411081344/tools/bin/../lib/gcc/arm-none-eabi/13.3.1/thumb/v6-m/nofp\libgcc.a
LOAD C:/ST/STM32CubeIDE_1.19.0/STM32CubeIDE/plugins/com.st.stm32cube.ide.mcu.externaltools.gnu-tools-for-stm32.13.3.rel1.win32_1.0.0.202411081344/tools/bin/../lib/gcc/arm-none-eabi/13.3.1/../../../../arm-none-eabi/lib/thumb/v6-m/nofp\libc_nano.a
END GROUP
START GROUP
LOAD C:/ST/STM32CubeIDE_1.19.0/STM32CubeIDE/plugins/com.st.stm32cube.ide.mcu.externaltools.gnu-tools-for-stm32.13.3.rel1.win32_1.0.0.202411081344/tools/bin/../lib/gcc/arm-none-eabi/13.3.1/thumb/v6-m/nofp\libgcc.a
LOAD C:/ST/STM32CubeIDE_1.19.0/STM32CubeIDE/plugins/com.st.stm32cube.ide.mcu.externaltools.gnu-tools-for-stm32.13.3.rel1.win32_1.0.0.202411081344/tools/bin/../lib/gcc/arm-none-eabi/13.3.1/../../../../arm-none-eabi/lib/thumb/v6-m/nofp\libc_nano.a
LOAD C:/ST/STM32CubeIDE_1.19.0/STM32CubeIDE/plugins/com.st.stm32cube.ide.mcu.externaltools.gnu-tools-for-stm32.13.3.rel1.win32_1.0.0.202411081344/tools/bin/../lib/gcc/arm-none-eabi/13.3.1/../../../../arm-none-eabi/lib/thumb/v6-m/nofp\libnosys.a
END GROUP
START GROUP
LOAD C:/ST/STM32CubeIDE_1.19.0/STM32CubeIDE/plugins/com.st.stm32cube.ide.mcu.externaltools.gnu-tools-for-stm32.13.3.rel1.win32_1.0.0.202411081344/tools/bin/../lib/gcc/arm-none-eabi/13.3.1/thumb/v6-m/nofp\libgcc.a
LOAD C:/ST/STM32CubeIDE_1.19.0/STM32CubeIDE/plugins/com.st.stm32cube.ide.mcu.externaltools.gnu-tools-for-stm32.13.3.rel1.win32_1.0.0.202411081344/tools/bin/../lib/gcc/arm-none-eabi/13.3.1/../../../../arm-none-eabi/lib/thumb/v6-m/nofp\libc_nano.a
LOAD C:/ST/STM32CubeIDE_1.19.0/STM32CubeIDE/plugins/com.st.stm32cube.ide.mcu.externaltools.gnu-tools-for-stm32.13.3.rel1.win32_1.0.0.202411081344/tools/bin/../lib/gcc/arm-none-eabi/13.3.1/../../../../arm-none-eabi/lib/thumb/v6-m/nofp\libnosys.a
END GROUP
LOAD C:/ST/STM32CubeIDE_1.19.0/STM32CubeIDE/plugins/com.st.stm32cube.ide.mcu.externaltools.gnu-tools-for-stm32.13.3.rel1.win32_1.0.0.202411081344/tools/bin/../lib/gcc/arm-none-eabi/13.3.1/thumb/v6-m/nofp/crtend.o
LOAD C:/ST/STM32CubeIDE_1.19.0/STM32CubeIDE/plugins/com.st.stm32cube.ide.mcu.externaltools.gnu-tools-for-stm32.13.3.rel1.win32_1.0.0.202411081344/tools/bin/../lib/gcc/arm-none-eabi/13.3.1/thumb/v6-m/nofp/crtn.o
                0x20004000                        _estack = (ORIGIN (RAM) + LENGTH (RAM))
                0x00000200                        _Min_Heap_Size = 0x200
                0x00000400                        _Min_Stack_Size = 0x400

.isr_vector     0x08000000       0xc0
                0x08000000                        . = ALIGN (0x4)
 *(.isr_vector)
 .isr_vector    0x08000000       0xc0 ./Core/Startup/startup_stm32f072rbtx.o
                0x08000000                g_pfnVectors
                0x080000c0                        . = ALIGN (0x4)

.text           0x080000c0     0x86d8
                0x080000c0                        . = ALIGN (0x4)
 *(.text)
 .text          0x080000c0       0x48 C:/ST/STM32CubeIDE_1.19.0/STM32CubeIDE/plugins/com.st.stm32cube.ide.mcu.externaltools.gnu-tools-for-stm32.13.3.rel1.win32_1.0.0.202411081344/tools/bin/../lib/gcc/arm-none-eabi/13.3.1/thumb/v6-m/nofp/crtbegin.o
 .text          0x08000108       0x14 C:/ST/STM32CubeIDE_1.19.0/STM32CubeIDE/plugins/com.st.stm32cube.ide.mcu.externaltools.gnu-tools-for-stm32.13.3.rel1.win32_1.0.0.202411081344/tools/bin/../lib/gcc/arm-none-eabi/13.3.1/thumb/v6-m/nofp\libgcc.a(_thumb1_case_shi.o)
                0x08000108                __gnu_thumb1_case_shi
 .text          0x0800011c      0x114 C:/ST/STM32CubeIDE_1.19.0/STM32CubeIDE/plugins/com.st.stm32cube.ide.mcu.externaltools.gnu-tools-for-stm32.13.3.rel1.win32_1.0.0.202411081344/tools/bin/../lib/gcc/arm-none-eabi/13.3.1/thumb/v6-m/nofp\libgcc.a(_udivsi3.o)
                0x0800011c                __aeabi_uidiv
                0x0800011c                __udivsi3
                0x08000228                __aeabi_uidivmod
 .text          0x08000230        0x4 C:/ST/STM32CubeIDE_1.19.0/STM32CubeIDE/plugins/com.st.stm32cube.ide.mcu.externaltools.gnu-tools-for-stm32.13.3.rel1.win32_1.0.0.202411081344/tools/bin/../lib/gcc/arm-none-eabi/13.3.1/thumb/v6-m/nofp\libgcc.a(_dvmd_tls.o)
                0x08000230                __aeabi_idiv0
                0x08000230                __aeabi_ldiv0
 *(.text*)
 .text.CANbus_Init
                0x08000234       0x2c ./Core/Src/canbus.o
                0x08000234                CANbus_Init
 .text.CAN_EnableCollection
                0x08000260       0x14 ./Core/Src/canbus.o
                0x08000260                CAN_EnableCollection
 .text.CAN_Config
                0x08000274       0xdc ./Core/Src/canbus.o
 .text.HAL_CAN_RxFifo0MsgPendingCallback
                0x08000350      0x114 ./Core/Src/canbus.o
                0x08000350                HAL_CAN_RxFifo0MsgPendingCallback
 .text.HAL_CAN_ErrorCallback
                0x08000464       0x18 ./Core/Src/canbus.o
                0x08000464                HAL_CAN_ErrorCallback
 .text.CAN_Dequeue
                0x0800047c       0x5c ./Core/Src/canbus.o
                0x0800047c                CAN_Dequeue
 .text.main     0x080004d8       0xa8 ./Core/Src/main.o
                0x080004d8                main
 .text.SystemClock_Config
                0x08000580       0xd4 ./Core/Src/main.o
                0x08000580                SystemClock_Config
 .text.MX_CAN_Init
                0x08000654       0x70 ./Core/Src/main.o
 .text.MX_SPI1_Init
                0x080006c4       0x7c ./Core/Src/main.o
 .text.MX_SPI2_Init
                0x08000740       0x7c ./Core/Src/main.o
 .text.MX_USART2_UART_Init
                0x080007bc       0x60 ./Core/Src/main.o
 .text.MX_USB_PCD_Init
                0x0800081c       0x4c ./Core/Src/main.o
 .text.MX_GPIO_Init
                0x08000868      0x140 ./Core/Src/main.o
 .text.Logging_Task
                0x080009a8       0xcc ./Core/Src/main.o
                0x080009a8                Logging_Task
 .text.Error_Handler
                0x08000a74        0xc ./Core/Src/main.o
                0x08000a74                Error_Handler
 .text.HAL_MspInit
                0x08000a80       0x58 ./Core/Src/stm32f0xx_hal_msp.o
                0x08000a80                HAL_MspInit
 .text.HAL_CAN_MspInit
                0x08000ad8       0xac ./Core/Src/stm32f0xx_hal_msp.o
                0x08000ad8                HAL_CAN_MspInit
 .text.HAL_SPI_MspInit
                0x08000b84      0x18c ./Core/Src/stm32f0xx_hal_msp.o
                0x08000b84                HAL_SPI_MspInit
 .text.HAL_UART_MspInit
                0x08000d10       0x98 ./Core/Src/stm32f0xx_hal_msp.o
                0x08000d10                HAL_UART_MspInit
 .text.HAL_PCD_MspInit
                0x08000da8       0x40 ./Core/Src/stm32f0xx_hal_msp.o
                0x08000da8                HAL_PCD_MspInit
 .text.NMI_Handler
                0x08000de8        0x8 ./Core/Src/stm32f0xx_it.o
                0x08000de8                NMI_Handler
 .text.HardFault_Handler
                0x08000df0        0x8 ./Core/Src/stm32f0xx_it.o
                0x08000df0                HardFault_Handler
 .text.SVC_Handler
                0x08000df8        0xa ./Core/Src/stm32f0xx_it.o
                0x08000df8                SVC_Handler
 .text.PendSV_Handler
                0x08000e02        0xa ./Core/Src/stm32f0xx_it.o
                0x08000e02                PendSV_Handler
 .text.SysTick_Handler
                0x08000e0c        0xe ./Core/Src/stm32f0xx_it.o
                0x08000e0c                SysTick_Handler
 .text.FLASH_IRQHandler
                0x08000e1a        0xe ./Core/Src/stm32f0xx_it.o
                0x08000e1a                FLASH_IRQHandler
 .text.EXTI4_15_IRQHandler
                0x08000e28       0x14 ./Core/Src/stm32f0xx_it.o
                0x08000e28                EXTI4_15_IRQHandler
 .text.CEC_CAN_IRQHandler
                0x08000e3c       0x18 ./Core/Src/stm32f0xx_it.o
                0x08000e3c                CEC_CAN_IRQHandler
 .text._sbrk    0x08000e54       0x6c ./Core/Src/sysmem.o
                0x08000e54                _sbrk
 .text.SystemInit
                0x08000ec0        0xa ./Core/Src/system_stm32f0xx.o
                0x08000ec0                SystemInit
 *fill*         0x08000eca        0x2 
 .text.Reset_Handler
                0x08000ecc       0x50 ./Core/Startup/startup_stm32f072rbtx.o
                0x08000ecc                Reset_Handler
 .text.Default_Handler
                0x08000f1c        0x2 ./Core/Startup/startup_stm32f072rbtx.o
                0x08000f1c                TIM1_CC_IRQHandler
                0x08000f1c                TSC_IRQHandler
                0x08000f1c                ADC1_COMP_IRQHandler
                0x08000f1c                I2C1_IRQHandler
                0x08000f1c                RCC_CRS_IRQHandler
                0x08000f1c                SPI1_IRQHandler
                0x08000f1c                TIM6_DAC_IRQHandler
                0x08000f1c                USART3_4_IRQHandler
                0x08000f1c                EXTI2_3_IRQHandler
                0x08000f1c                I2C2_IRQHandler
                0x08000f1c                TIM17_IRQHandler
                0x08000f1c                RTC_IRQHandler
                0x08000f1c                PVD_VDDIO2_IRQHandler
                0x08000f1c                DMA1_Channel4_5_6_7_IRQHandler
                0x08000f1c                TIM16_IRQHandler
                0x08000f1c                TIM3_IRQHandler
                0x08000f1c                DMA1_Channel1_IRQHandler
                0x08000f1c                Default_Handler
                0x08000f1c                TIM14_IRQHandler
                0x08000f1c                TIM7_IRQHandler
                0x08000f1c                TIM15_IRQHandler
                0x08000f1c                EXTI0_1_IRQHandler
                0x08000f1c                USB_IRQHandler
                0x08000f1c                SPI2_IRQHandler
                0x08000f1c                WWDG_IRQHandler
                0x08000f1c                TIM2_IRQHandler
                0x08000f1c                DMA1_Channel2_3_IRQHandler
                0x08000f1c                USART2_IRQHandler
                0x08000f1c                USART1_IRQHandler
                0x08000f1c                TIM1_BRK_UP_TRG_COM_IRQHandler
 *fill*         0x08000f1e        0x2 
 .text.HAL_Init
                0x08000f20       0x28 ./Drivers/STM32F0xx_HAL_Driver/Src/stm32f0xx_hal.o
                0x08000f20                HAL_Init
 .text.HAL_InitTick
                0x08000f48       0x68 ./Drivers/STM32F0xx_HAL_Driver/Src/stm32f0xx_hal.o
                0x08000f48                HAL_InitTick
 .text.HAL_IncTick
                0x08000fb0       0x24 ./Drivers/STM32F0xx_HAL_Driver/Src/stm32f0xx_hal.o
                0x08000fb0                HAL_IncTick
 .text.HAL_GetTick
                0x08000fd4       0x14 ./Drivers/STM32F0xx_HAL_Driver/Src/stm32f0xx_hal.o
                0x08000fd4                HAL_GetTick
 .text.HAL_Delay
                0x08000fe8       0x48 ./Drivers/STM32F0xx_HAL_Driver/Src/stm32f0xx_hal.o
                0x08000fe8                HAL_Delay
 .text.HAL_CAN_Init
                0x08001030      0x1fc ./Drivers/STM32F0xx_HAL_Driver/Src/stm32f0xx_hal_can.o
                0x08001030                HAL_CAN_Init
 .text.HAL_CAN_ConfigFilter
                0x0800122c      0x1e4 ./Drivers/STM32F0xx_HAL_Driver/Src/stm32f0xx_hal_can.o
                0x0800122c                HAL_CAN_ConfigFilter
 .text.HAL_CAN_Start
                0x08001410       0x8c ./Drivers/STM32F0xx_HAL_Driver/Src/stm32f0xx_hal_can.o
                0x08001410                HAL_CAN_Start
 .text.HAL_CAN_GetRxMessage
                0x0800149c      0x256 ./Drivers/STM32F0xx_HAL_Driver/Src/stm32f0xx_hal_can.o
                0x0800149c                HAL_CAN_GetRxMessage
 .text.HAL_CAN_ActivateNotification
                0x080016f2       0x54 ./Drivers/STM32F0xx_HAL_Driver/Src/stm32f0xx_hal_can.o
                0x080016f2                HAL_CAN_ActivateNotification
 .text.HAL_CAN_IRQHandler
                0x08001746      0x368 ./Drivers/STM32F0xx_HAL_Driver/Src/stm32f0xx_hal_can.o
                0x08001746                HAL_CAN_IRQHandler
 .text.HAL_CAN_TxMailbox0CompleteCallback
                0x08001aae       0x10 ./Drivers/STM32F0xx_HAL_Driver/Src/stm32f0xx_hal_can.o
                0x08001aae                HAL_CAN_TxMailbox0CompleteCallback
 .text.HAL_CAN_TxMailbox1CompleteCallback
                0x08001abe       0x10 ./Drivers/STM32F0xx_HAL_Driver/Src/stm32f0xx_hal_can.o
                0x08001abe                HAL_CAN_TxMailbox1CompleteCallback
 .text.HAL_CAN_TxMailbox2CompleteCallback
                0x08001ace       0x10 ./Drivers/STM32F0xx_HAL_Driver/Src/stm32f0xx_hal_can.o
                0x08001ace                HAL_CAN_TxMailbox2CompleteCallback
 .text.HAL_CAN_TxMailbox0AbortCallback
                0x08001ade       0x10 ./Drivers/STM32F0xx_HAL_Driver/Src/stm32f0xx_hal_can.o
                0x08001ade                HAL_CAN_TxMailbox0AbortCallback
 .text.HAL_CAN_TxMailbox1AbortCallback
                0x08001aee       0x10 ./Drivers/STM32F0xx_HAL_Driver/Src/stm32f0xx_hal_can.o
                0x08001aee                HAL_CAN_TxMailbox1AbortCallback
 .text.HAL_CAN_TxMailbox2AbortCallback
                0x08001afe       0x10 ./Drivers/STM32F0xx_HAL_Driver/Src/stm32f0xx_hal_can.o
                0x08001afe                HAL_CAN_TxMailbox2AbortCallback
 .text.HAL_CAN_RxFifo0FullCallback
                0x08001b0e       0x10 ./Drivers/STM32F0xx_HAL_Driver/Src/stm32f0xx_hal_can.o
                0x08001b0e                HAL_CAN_RxFifo0FullCallback
 .text.HAL_CAN_RxFifo1MsgPendingCallback
                0x08001b1e       0x10 ./Drivers/STM32F0xx_HAL_Driver/Src/stm32f0xx_hal_can.o
                0x08001b1e                HAL_CAN_RxFifo1MsgPendingCallback
 .text.HAL_CAN_RxFifo1FullCallback
                0x08001b2e       0x10 ./Drivers/STM32F0xx_HAL_Driver/Src/stm32f0xx_hal_can.o
                0x08001b2e                HAL_CAN_RxFifo1FullCallback
 .text.HAL_CAN_SleepCallback
                0x08001b3e       0x10 ./Drivers/STM32F0xx_HAL_Driver/Src/stm32f0xx_hal_can.o
                0x08001b3e                HAL_CAN_SleepCallback
 .text.HAL_CAN_WakeUpFromRxMsgCallback
                0x08001b4e       0x10 ./Drivers/STM32F0xx_HAL_Driver/Src/stm32f0xx_hal_can.o
                0x08001b4e                HAL_CAN_WakeUpFromRxMsgCallback
 *fill*         0x08001b5e        0x2 
 .text.__NVIC_EnableIRQ
                0x08001b60       0x34 ./Drivers/STM32F0xx_HAL_Driver/Src/stm32f0xx_hal_cortex.o
 .text.__NVIC_SetPriority
                0x08001b94       0xdc ./Drivers/STM32F0xx_HAL_Driver/Src/stm32f0xx_hal_cortex.o
 .text.SysTick_Config
                0x08001c70       0x48 ./Drivers/STM32F0xx_HAL_Driver/Src/stm32f0xx_hal_cortex.o
 .text.HAL_NVIC_SetPriority
                0x08001cb8       0x2a ./Drivers/STM32F0xx_HAL_Driver/Src/stm32f0xx_hal_cortex.o
                0x08001cb8                HAL_NVIC_SetPriority
 .text.HAL_NVIC_EnableIRQ
                0x08001ce2       0x20 ./Drivers/STM32F0xx_HAL_Driver/Src/stm32f0xx_hal_cortex.o
                0x08001ce2                HAL_NVIC_EnableIRQ
 .text.HAL_SYSTICK_Config
                0x08001d02       0x1a ./Drivers/STM32F0xx_HAL_Driver/Src/stm32f0xx_hal_cortex.o
                0x08001d02                HAL_SYSTICK_Config
 .text.HAL_FLASH_IRQHandler
                0x08001d1c      0x1d0 ./Drivers/STM32F0xx_HAL_Driver/Src/stm32f0xx_hal_flash.o
                0x08001d1c                HAL_FLASH_IRQHandler
 .text.HAL_FLASH_EndOfOperationCallback
                0x08001eec       0x10 ./Drivers/STM32F0xx_HAL_Driver/Src/stm32f0xx_hal_flash.o
                0x08001eec                HAL_FLASH_EndOfOperationCallback
 .text.HAL_FLASH_OperationErrorCallback
                0x08001efc       0x10 ./Drivers/STM32F0xx_HAL_Driver/Src/stm32f0xx_hal_flash.o
                0x08001efc                HAL_FLASH_OperationErrorCallback
 .text.FLASH_Program_HalfWord
                0x08001f0c       0x38 ./Drivers/STM32F0xx_HAL_Driver/Src/stm32f0xx_hal_flash.o
 .text.FLASH_SetErrorCode
                0x08001f44       0x60 ./Drivers/STM32F0xx_HAL_Driver/Src/stm32f0xx_hal_flash.o
 .text.FLASH_PageErase
                0x08001fa4       0x3c ./Drivers/STM32F0xx_HAL_Driver/Src/stm32f0xx_hal_flash_ex.o
                0x08001fa4                FLASH_PageErase
 .text.HAL_GPIO_Init
                0x08001fe0      0x2f0 ./Drivers/STM32F0xx_HAL_Driver/Src/stm32f0xx_hal_gpio.o
                0x08001fe0                HAL_GPIO_Init
 .text.HAL_GPIO_WritePin
                0x080022d0       0x3a ./Drivers/STM32F0xx_HAL_Driver/Src/stm32f0xx_hal_gpio.o
                0x080022d0                HAL_GPIO_WritePin
 *fill*         0x0800230a        0x2 
 .text.HAL_GPIO_EXTI_IRQHandler
                0x0800230c       0x38 ./Drivers/STM32F0xx_HAL_Driver/Src/stm32f0xx_hal_gpio.o
                0x0800230c                HAL_GPIO_EXTI_IRQHandler
 .text.HAL_GPIO_EXTI_Callback
                0x08002344       0x14 ./Drivers/STM32F0xx_HAL_Driver/Src/stm32f0xx_hal_gpio.o
                0x08002344                HAL_GPIO_EXTI_Callback
 .text.HAL_PCD_Init
                0x08002358      0x1e8 ./Drivers/STM32F0xx_HAL_Driver/Src/stm32f0xx_hal_pcd.o
                0x08002358                HAL_PCD_Init
 .text.HAL_PCDEx_ActivateLPM
                0x08002540       0x54 ./Drivers/STM32F0xx_HAL_Driver/Src/stm32f0xx_hal_pcd_ex.o
                0x08002540                HAL_PCDEx_ActivateLPM
 .text.HAL_RCC_OscConfig
                0x08002594      0x70c ./Drivers/STM32F0xx_HAL_Driver/Src/stm32f0xx_hal_rcc.o
                0x08002594                HAL_RCC_OscConfig
 .text.HAL_RCC_ClockConfig
                0x08002ca0      0x1b4 ./Drivers/STM32F0xx_HAL_Driver/Src/stm32f0xx_hal_rcc.o
                0x08002ca0                HAL_RCC_ClockConfig
 .text.HAL_RCC_GetSysClockFreq
                0x08002e54       0xe4 ./Drivers/STM32F0xx_HAL_Driver/Src/stm32f0xx_hal_rcc.o
                0x08002e54                HAL_RCC_GetSysClockFreq
 .text.HAL_RCC_GetHCLKFreq
                0x08002f38       0x14 ./Drivers/STM32F0xx_HAL_Driver/Src/stm32f0xx_hal_rcc.o
                0x08002f38                HAL_RCC_GetHCLKFreq
 .text.HAL_RCC_GetPCLK1Freq
                0x08002f4c       0x2c ./Drivers/STM32F0xx_HAL_Driver/Src/stm32f0xx_hal_rcc.o
                0x08002f4c                HAL_RCC_GetPCLK1Freq
 .text.HAL_RCCEx_PeriphCLKConfig
                0x08002f78      0x1fc ./Drivers/STM32F0xx_HAL_Driver/Src/stm32f0xx_hal_rcc_ex.o
                0x08002f78                HAL_RCCEx_PeriphCLKConfig
 .text.HAL_SPI_Init
                0x08003174      0x170 ./Drivers/STM32F0xx_HAL_Driver/Src/stm32f0xx_hal_spi.o
                0x08003174                HAL_SPI_Init
 .text.HAL_SPI_Transmit
                0x080032e4      0x2be ./Drivers/STM32F0xx_HAL_Driver/Src/stm32f0xx_hal_spi.o
                0x080032e4                HAL_SPI_Transmit
 *fill*         0x080035a2        0x2 
 .text.HAL_SPI_TransmitReceive
                0x080035a4      0x3c4 ./Drivers/STM32F0xx_HAL_Driver/Src/stm32f0xx_hal_spi.o
                0x080035a4                HAL_SPI_TransmitReceive
 .text.SPI_WaitFlagStateUntilTimeout
                0x08003968      0x11c ./Drivers/STM32F0xx_HAL_Driver/Src/stm32f0xx_hal_spi.o
 .text.SPI_WaitFifoStateUntilTimeout
                0x08003a84      0x144 ./Drivers/STM32F0xx_HAL_Driver/Src/stm32f0xx_hal_spi.o
 .text.SPI_EndRxTxTransaction
                0x08003bc8       0x8c ./Drivers/STM32F0xx_HAL_Driver/Src/stm32f0xx_hal_spi.o
 .text.HAL_UART_Init
                0x08003c54       0xa8 ./Drivers/STM32F0xx_HAL_Driver/Src/stm32f0xx_hal_uart.o
                0x08003c54                HAL_UART_Init
 .text.UART_SetConfig
                0x08003cfc      0x310 ./Drivers/STM32F0xx_HAL_Driver/Src/stm32f0xx_hal_uart.o
                0x08003cfc                UART_SetConfig
 .text.UART_AdvFeatureConfig
                0x0800400c      0x168 ./Drivers/STM32F0xx_HAL_Driver/Src/stm32f0xx_hal_uart.o
                0x0800400c                UART_AdvFeatureConfig
 .text.UART_CheckIdleState
                0x08004174      0x150 ./Drivers/STM32F0xx_HAL_Driver/Src/stm32f0xx_hal_uart.o
                0x08004174                UART_CheckIdleState
 .text.UART_WaitOnFlagUntilTimeout
                0x080042c4       0xde ./Drivers/STM32F0xx_HAL_Driver/Src/stm32f0xx_hal_uart.o
                0x080042c4                UART_WaitOnFlagUntilTimeout
 *fill*         0x080043a2        0x2 
 .text.UART_EndRxTransfer
                0x080043a4       0xc8 ./Drivers/STM32F0xx_HAL_Driver/Src/stm32f0xx_hal_uart.o
 .text.USB_DisableGlobalInt
                0x0800446c       0x34 ./Drivers/STM32F0xx_HAL_Driver/Src/stm32f0xx_ll_usb.o
                0x0800446c                USB_DisableGlobalInt
 .text.USB_DevInit
                0x080044a0       0x38 ./Drivers/STM32F0xx_HAL_Driver/Src/stm32f0xx_ll_usb.o
                0x080044a0                USB_DevInit
 .text.MX_FATFS_Init
                0x080044d8       0x2c ./FATFS/App/fatfs.o
                0x080044d8                MX_FATFS_Init
 .text.get_fattime
                0x08004504        0xc ./FATFS/App/fatfs.o
                0x08004504                get_fattime
 .text.USER_initialize
                0x08004510       0x20 ./FATFS/Target/user_diskio.o
                0x08004510                USER_initialize
 .text.USER_status
                0x08004530       0x20 ./FATFS/Target/user_diskio.o
                0x08004530                USER_status
 .text.USER_read
                0x08004550       0x2e ./FATFS/Target/user_diskio.o
                0x08004550                USER_read
 .text.USER_write
                0x0800457e       0x2e ./FATFS/Target/user_diskio.o
                0x0800457e                USER_write
 .text.USER_ioctl
                0x080045ac       0x2e ./FATFS/Target/user_diskio.o
                0x080045ac                USER_ioctl
 *fill*         0x080045da        0x2 
 .text.SPI_Timer_On
                0x080045dc       0x28 ./FATFS/Target/user_diskio_spi.o
                0x080045dc                SPI_Timer_On
 .text.SPI_Timer_Status
                0x08004604       0x2c ./FATFS/Target/user_diskio_spi.o
                0x08004604                SPI_Timer_Status
 .text.xchg_spi
                0x08004630       0x30 ./FATFS/Target/user_diskio_spi.o
 .text.rcvr_spi_multi
                0x08004660       0x38 ./FATFS/Target/user_diskio_spi.o
 .text.xmit_spi_multi
                0x08004698       0x28 ./FATFS/Target/user_diskio_spi.o
 .text.wait_ready
                0x080046c0       0x50 ./FATFS/Target/user_diskio_spi.o
 .text.despiselect
                0x08004710       0x20 ./FATFS/Target/user_diskio_spi.o
 .text.spiselect
                0x08004730       0x38 ./FATFS/Target/user_diskio_spi.o
 .text.rcvr_datablock
                0x08004768       0x5e ./FATFS/Target/user_diskio_spi.o
 .text.xmit_datablock
                0x080047c6       0x74 ./FATFS/Target/user_diskio_spi.o
 .text.send_cmd
                0x0800483a      0x11c ./FATFS/Target/user_diskio_spi.o
 *fill*         0x08004956        0x2 
 .text.USER_SPI_initialize
                0x08004958      0x228 ./FATFS/Target/user_diskio_spi.o
                0x08004958                USER_SPI_initialize
 .text.USER_SPI_status
                0x08004b80       0x2c ./FATFS/Target/user_diskio_spi.o
                0x08004b80                USER_SPI_status
 .text.USER_SPI_read
                0x08004bac       0xd8 ./FATFS/Target/user_diskio_spi.o
                0x08004bac                USER_SPI_read
 .text.USER_SPI_write
                0x08004c84      0x100 ./FATFS/Target/user_diskio_spi.o
                0x08004c84                USER_SPI_write
 .text.USER_SPI_ioctl
                0x08004d84      0x328 ./FATFS/Target/user_diskio_spi.o
                0x08004d84                USER_SPI_ioctl
 .text.disk_status
                0x080050ac       0x44 ./Middlewares/Third_Party/FatFs/src/diskio.o
                0x080050ac                disk_status
 .text.disk_initialize
                0x080050f0       0x60 ./Middlewares/Third_Party/FatFs/src/diskio.o
                0x080050f0                disk_initialize
 .text.disk_read
                0x08005150       0x50 ./Middlewares/Third_Party/FatFs/src/diskio.o
                0x08005150                disk_read
 .text.disk_write
                0x080051a0       0x50 ./Middlewares/Third_Party/FatFs/src/diskio.o
                0x080051a0                disk_write
 .text.disk_ioctl
                0x080051f0       0x50 ./Middlewares/Third_Party/FatFs/src/diskio.o
                0x080051f0                disk_ioctl
 .text.mem_cpy  0x08005240       0x3a ./Middlewares/Third_Party/FatFs/src/ff.o
 .text.mem_set  0x0800527a       0x32 ./Middlewares/Third_Party/FatFs/src/ff.o
 .text.mem_cmp  0x080052ac       0x4a ./Middlewares/Third_Party/FatFs/src/ff.o
 .text.chk_chr  0x080052f6       0x32 ./Middlewares/Third_Party/FatFs/src/ff.o
 .text.chk_lock
                0x08005328       0xdc ./Middlewares/Third_Party/FatFs/src/ff.o
 .text.enq_lock
                0x08005404       0x40 ./Middlewares/Third_Party/FatFs/src/ff.o
 .text.inc_lock
                0x08005444      0x170 ./Middlewares/Third_Party/FatFs/src/ff.o
 .text.dec_lock
                0x080055b4       0xa8 ./Middlewares/Third_Party/FatFs/src/ff.o
 .text.clear_lock
                0x0800565c       0x4c ./Middlewares/Third_Party/FatFs/src/ff.o
 .text.sync_window
                0x080056a8       0xb0 ./Middlewares/Third_Party/FatFs/src/ff.o
 .text.move_window
                0x08005758       0x78 ./Middlewares/Third_Party/FatFs/src/ff.o
 .text.sync_fs  0x080057d0      0x1a8 ./Middlewares/Third_Party/FatFs/src/ff.o
 .text.clust2sect
                0x08005978       0x48 ./Middlewares/Third_Party/FatFs/src/ff.o
                0x08005978                clust2sect
 .text.get_fat  0x080059c0      0x184 ./Middlewares/Third_Party/FatFs/src/ff.o
                0x080059c0                get_fat
 .text.put_fat  0x08005b44      0x25c ./Middlewares/Third_Party/FatFs/src/ff.o
                0x08005b44                put_fat
 .text.remove_chain
                0x08005da0       0xe0 ./Middlewares/Third_Party/FatFs/src/ff.o
 .text.create_chain
                0x08005e80      0x16c ./Middlewares/Third_Party/FatFs/src/ff.o
 .text.clmt_clust
                0x08005fec       0x74 ./Middlewares/Third_Party/FatFs/src/ff.o
 .text.dir_sdi  0x08006060      0x160 ./Middlewares/Third_Party/FatFs/src/ff.o
 .text.dir_next
                0x080061c0      0x234 ./Middlewares/Third_Party/FatFs/src/ff.o
 .text.dir_alloc
                0x080063f4       0xba ./Middlewares/Third_Party/FatFs/src/ff.o
 .text.ld_clust
                0x080064ae       0x5e ./Middlewares/Third_Party/FatFs/src/ff.o
 .text.st_clust
                0x0800650c       0x4a ./Middlewares/Third_Party/FatFs/src/ff.o
 .text.dir_find
                0x08006556       0xc8 ./Middlewares/Third_Party/FatFs/src/ff.o
 .text.dir_register
                0x0800661e       0x92 ./Middlewares/Third_Party/FatFs/src/ff.o
 .text.create_name
                0x080066b0      0x200 ./Middlewares/Third_Party/FatFs/src/ff.o
 .text.follow_path
                0x080068b0      0x110 ./Middlewares/Third_Party/FatFs/src/ff.o
 .text.get_ldnumber
                0x080069c0       0x84 ./Middlewares/Third_Party/FatFs/src/ff.o
 .text.check_fs
                0x08006a44       0xe0 ./Middlewares/Third_Party/FatFs/src/ff.o
 .text.find_volume
                0x08006b24      0x648 ./Middlewares/Third_Party/FatFs/src/ff.o
 .text.validate
                0x0800716c       0x7c ./Middlewares/Third_Party/FatFs/src/ff.o
 .text.f_mount  0x080071e8       0xa0 ./Middlewares/Third_Party/FatFs/src/ff.o
                0x080071e8                f_mount
 .text.f_open   0x08007288      0x508 ./Middlewares/Third_Party/FatFs/src/ff.o
                0x08007288                f_open
 .text.f_write  0x08007790      0x3d0 ./Middlewares/Third_Party/FatFs/src/ff.o
                0x08007790                f_write
 .text.f_sync   0x08007b60      0x1ac ./Middlewares/Third_Party/FatFs/src/ff.o
                0x08007b60                f_sync
 .text.f_close  0x08007d0c       0x6e ./Middlewares/Third_Party/FatFs/src/ff.o
                0x08007d0c                f_close
 *fill*         0x08007d7a        0x2 
 .text.FATFS_LinkDriverEx
                0x08007d7c       0xa8 ./Middlewares/Third_Party/FatFs/src/ff_gen_drv.o
                0x08007d7c                FATFS_LinkDriverEx
 .text.FATFS_LinkDriver
                0x08007e24       0x20 ./Middlewares/Third_Party/FatFs/src/ff_gen_drv.o
                0x08007e24                FATFS_LinkDriver
 .text.sprintf  0x08007e44       0x44 C:/ST/STM32CubeIDE_1.19.0/STM32CubeIDE/plugins/com.st.stm32cube.ide.mcu.externaltools.gnu-tools-for-stm32.13.3.rel1.win32_1.0.0.202411081344/tools/bin/../lib/gcc/arm-none-eabi/13.3.1/../../../../arm-none-eabi/lib/thumb/v6-m/nofp\libc_nano.a(libc_a-sprintf.o)
                0x08007e44                siprintf
                0x08007e44                sprintf
 .text.memset   0x08007e88       0x10 C:/ST/STM32CubeIDE_1.19.0/STM32CubeIDE/plugins/com.st.stm32cube.ide.mcu.externaltools.gnu-tools-for-stm32.13.3.rel1.win32_1.0.0.202411081344/tools/bin/../lib/gcc/arm-none-eabi/13.3.1/../../../../arm-none-eabi/lib/thumb/v6-m/nofp\libc_nano.a(libc_a-memset.o)
                0x08007e88                memset
 .text.__errno  0x08007e98        0xc C:/ST/STM32CubeIDE_1.19.0/STM32CubeIDE/plugins/com.st.stm32cube.ide.mcu.externaltools.gnu-tools-for-stm32.13.3.rel1.win32_1.0.0.202411081344/tools/bin/../lib/gcc/arm-none-eabi/13.3.1/../../../../arm-none-eabi/lib/thumb/v6-m/nofp\libc_nano.a(libc_a-errno.o)
                0x08007e98                __errno
 .text.__libc_init_array
                0x08007ea4       0x48 C:/ST/STM32CubeIDE_1.19.0/STM32CubeIDE/plugins/com.st.stm32cube.ide.mcu.externaltools.gnu-tools-for-stm32.13.3.rel1.win32_1.0.0.202411081344/tools/bin/../lib/gcc/arm-none-eabi/13.3.1/../../../../arm-none-eabi/lib/thumb/v6-m/nofp\libc_nano.a(libc_a-init.o)
                0x08007ea4                __libc_init_array
 .text.__retarget_lock_acquire_recursive
                0x08007eec        0x2 C:/ST/STM32CubeIDE_1.19.0/STM32CubeIDE/plugins/com.st.stm32cube.ide.mcu.externaltools.gnu-tools-for-stm32.13.3.rel1.win32_1.0.0.202411081344/tools/bin/../lib/gcc/arm-none-eabi/13.3.1/../../../../arm-none-eabi/lib/thumb/v6-m/nofp\libc_nano.a(libc_a-lock.o)
                0x08007eec                __retarget_lock_acquire_recursive
 .text.__retarget_lock_release_recursive
                0x08007eee        0x2 C:/ST/STM32CubeIDE_1.19.0/STM32CubeIDE/plugins/com.st.stm32cube.ide.mcu.externaltools.gnu-tools-for-stm32.13.3.rel1.win32_1.0.0.202411081344/tools/bin/../lib/gcc/arm-none-eabi/13.3.1/../../../../arm-none-eabi/lib/thumb/v6-m/nofp\libc_nano.a(libc_a-lock.o)
                0x08007eee                __retarget_lock_release_recursive
 .text.memcpy   0x08007ef0       0x12 C:/ST/STM32CubeIDE_1.19.0/STM32CubeIDE/plugins/com.st.stm32cube.ide.mcu.externaltools.gnu-tools-for-stm32.13.3.rel1.win32_1.0.0.202411081344/tools/bin/../lib/gcc/arm-none-eabi/13.3.1/../../../../arm-none-eabi/lib/thumb/v6-m/nofp\libc_nano.a(libc_a-memcpy-stub.o)
                0x08007ef0                memcpy
 *fill*         0x08007f02        0x2 
 .text._free_r  0x08007f04       0x94 C:/ST/STM32CubeIDE_1.19.0/STM32CubeIDE/plugins/com.st.stm32cube.ide.mcu.externaltools.gnu-tools-for-stm32.13.3.rel1.win32_1.0.0.202411081344/tools/bin/../lib/gcc/arm-none-eabi/13.3.1/../../../../arm-none-eabi/lib/thumb/v6-m/nofp\libc_nano.a(libc_a-freer.o)
                0x08007f04                _free_r
 .text.sbrk_aligned
                0x08007f98       0x44 C:/ST/STM32CubeIDE_1.19.0/STM32CubeIDE/plugins/com.st.stm32cube.ide.mcu.externaltools.gnu-tools-for-stm32.13.3.rel1.win32_1.0.0.202411081344/tools/bin/../lib/gcc/arm-none-eabi/13.3.1/../../../../arm-none-eabi/lib/thumb/v6-m/nofp\libc_nano.a(libc_a-mallocr.o)
 .text._malloc_r
                0x08007fdc      0x100 C:/ST/STM32CubeIDE_1.19.0/STM32CubeIDE/plugins/com.st.stm32cube.ide.mcu.externaltools.gnu-tools-for-stm32.13.3.rel1.win32_1.0.0.202411081344/tools/bin/../lib/gcc/arm-none-eabi/13.3.1/../../../../arm-none-eabi/lib/thumb/v6-m/nofp\libc_nano.a(libc_a-mallocr.o)
                0x08007fdc                _malloc_r
 .text.__malloc_lock
                0x080080dc       0x10 C:/ST/STM32CubeIDE_1.19.0/STM32CubeIDE/plugins/com.st.stm32cube.ide.mcu.externaltools.gnu-tools-for-stm32.13.3.rel1.win32_1.0.0.202411081344/tools/bin/../lib/gcc/arm-none-eabi/13.3.1/../../../../arm-none-eabi/lib/thumb/v6-m/nofp\libc_nano.a(libc_a-mlock.o)
                0x080080dc                __malloc_lock
 .text.__malloc_unlock
                0x080080ec       0x10 C:/ST/STM32CubeIDE_1.19.0/STM32CubeIDE/plugins/com.st.stm32cube.ide.mcu.externaltools.gnu-tools-for-stm32.13.3.rel1.win32_1.0.0.202411081344/tools/bin/../lib/gcc/arm-none-eabi/13.3.1/../../../../arm-none-eabi/lib/thumb/v6-m/nofp\libc_nano.a(libc_a-mlock.o)
                0x080080ec                __malloc_unlock
 .text.__ssputs_r
                0x080080fc       0xc0 C:/ST/STM32CubeIDE_1.19.0/STM32CubeIDE/plugins/com.st.stm32cube.ide.mcu.externaltools.gnu-tools-for-stm32.13.3.rel1.win32_1.0.0.202411081344/tools/bin/../lib/gcc/arm-none-eabi/13.3.1/../../../../arm-none-eabi/lib/thumb/v6-m/nofp\libc_nano.a(libc_a-nano-svfprintf.o)
                0x080080fc                __ssputs_r
 .text._svfprintf_r
                0x080081bc      0x1fc C:/ST/STM32CubeIDE_1.19.0/STM32CubeIDE/plugins/com.st.stm32cube.ide.mcu.externaltools.gnu-tools-for-stm32.13.3.rel1.win32_1.0.0.202411081344/tools/bin/../lib/gcc/arm-none-eabi/13.3.1/../../../../arm-none-eabi/lib/thumb/v6-m/nofp\libc_nano.a(libc_a-nano-svfprintf.o)
                0x080081bc                _svfiprintf_r
                0x080081bc                _svfprintf_r
 .text._printf_common
                0x080083b8       0xde C:/ST/STM32CubeIDE_1.19.0/STM32CubeIDE/plugins/com.st.stm32cube.ide.mcu.externaltools.gnu-tools-for-stm32.13.3.rel1.win32_1.0.0.202411081344/tools/bin/../lib/gcc/arm-none-eabi/13.3.1/../../../../arm-none-eabi/lib/thumb/v6-m/nofp\libc_nano.a(libc_a-nano-vfprintf_i.o)
                0x080083b8                _printf_common
 *fill*         0x08008496        0x2 
 .text._printf_i
                0x08008498      0x218 C:/ST/STM32CubeIDE_1.19.0/STM32CubeIDE/plugins/com.st.stm32cube.ide.mcu.externaltools.gnu-tools-for-stm32.13.3.rel1.win32_1.0.0.202411081344/tools/bin/../lib/gcc/arm-none-eabi/13.3.1/../../../../arm-none-eabi/lib/thumb/v6-m/nofp\libc_nano.a(libc_a-nano-vfprintf_i.o)
                0x08008498                _printf_i
 .text.memmove  0x080086b0       0x24 C:/ST/STM32CubeIDE_1.19.0/STM32CubeIDE/plugins/com.st.stm32cube.ide.mcu.externaltools.gnu-tools-for-stm32.13.3.rel1.win32_1.0.0.202411081344/tools/bin/../lib/gcc/arm-none-eabi/13.3.1/../../../../arm-none-eabi/lib/thumb/v6-m/nofp\libc_nano.a(libc_a-memmove.o)
                0x080086b0                memmove
 .text._sbrk_r  0x080086d4       0x24 C:/ST/STM32CubeIDE_1.19.0/STM32CubeIDE/plugins/com.st.stm32cube.ide.mcu.externaltools.gnu-tools-for-stm32.13.3.rel1.win32_1.0.0.202411081344/tools/bin/../lib/gcc/arm-none-eabi/13.3.1/../../../../arm-none-eabi/lib/thumb/v6-m/nofp\libc_nano.a(libc_a-sbrkr.o)
                0x080086d4                _sbrk_r
 .text.memchr   0x080086f8       0x16 C:/ST/STM32CubeIDE_1.19.0/STM32CubeIDE/plugins/com.st.stm32cube.ide.mcu.externaltools.gnu-tools-for-stm32.13.3.rel1.win32_1.0.0.202411081344/tools/bin/../lib/gcc/arm-none-eabi/13.3.1/../../../../arm-none-eabi/lib/thumb/v6-m/nofp\libc_nano.a(libc_a-memchr-stub.o)
                0x080086f8                memchr
 .text._realloc_r
                0x0800870e       0x60 C:/ST/STM32CubeIDE_1.19.0/STM32CubeIDE/plugins/com.st.stm32cube.ide.mcu.externaltools.gnu-tools-for-stm32.13.3.rel1.win32_1.0.0.202411081344/tools/bin/../lib/gcc/arm-none-eabi/13.3.1/../../../../arm-none-eabi/lib/thumb/v6-m/nofp\libc_nano.a(libc_a-reallocr.o)
                0x0800870e                _realloc_r
 .text._malloc_usable_size_r
                0x0800876e       0x10 C:/ST/STM32CubeIDE_1.19.0/STM32CubeIDE/plugins/com.st.stm32cube.ide.mcu.externaltools.gnu-tools-for-stm32.13.3.rel1.win32_1.0.0.202411081344/tools/bin/../lib/gcc/arm-none-eabi/13.3.1/../../../../arm-none-eabi/lib/thumb/v6-m/nofp\libc_nano.a(libc_a-msizer.o)
                0x0800876e                _malloc_usable_size_r
 *(.glue_7)
 .glue_7        0x0800877e        0x0 linker stubs
 *(.glue_7t)
 .glue_7t       0x0800877e        0x0 linker stubs
 *(.eh_frame)
 *fill*         0x0800877e        0x2 
 .eh_frame      0x08008780        0x0 C:/ST/STM32CubeIDE_1.19.0/STM32CubeIDE/plugins/com.st.stm32cube.ide.mcu.externaltools.gnu-tools-for-stm32.13.3.rel1.win32_1.0.0.202411081344/tools/bin/../lib/gcc/arm-none-eabi/13.3.1/thumb/v6-m/nofp/crtbegin.o
 *(.init)
 .init          0x08008780        0x4 C:/ST/STM32CubeIDE_1.19.0/STM32CubeIDE/plugins/com.st.stm32cube.ide.mcu.externaltools.gnu-tools-for-stm32.13.3.rel1.win32_1.0.0.202411081344/tools/bin/../lib/gcc/arm-none-eabi/13.3.1/thumb/v6-m/nofp/crti.o
                0x08008780                _init
 .init          0x08008784        0x8 C:/ST/STM32CubeIDE_1.19.0/STM32CubeIDE/plugins/com.st.stm32cube.ide.mcu.externaltools.gnu-tools-for-stm32.13.3.rel1.win32_1.0.0.202411081344/tools/bin/../lib/gcc/arm-none-eabi/13.3.1/thumb/v6-m/nofp/crtn.o
 *(.fini)
 .fini          0x0800878c        0x4 C:/ST/STM32CubeIDE_1.19.0/STM32CubeIDE/plugins/com.st.stm32cube.ide.mcu.externaltools.gnu-tools-for-stm32.13.3.rel1.win32_1.0.0.202411081344/tools/bin/../lib/gcc/arm-none-eabi/13.3.1/thumb/v6-m/nofp/crti.o
                0x0800878c                _fini
 .fini          0x08008790        0x8 C:/ST/STM32CubeIDE_1.19.0/STM32CubeIDE/plugins/com.st.stm32cube.ide.mcu.externaltools.gnu-tools-for-stm32.13.3.rel1.win32_1.0.0.202411081344/tools/bin/../lib/gcc/arm-none-eabi/13.3.1/thumb/v6-m/nofp/crtn.o
                0x08008798                        . = ALIGN (0x4)
                0x08008798                        _etext = .

.vfp11_veneer   0x08008798        0x0
 .vfp11_veneer  0x08008798        0x0 linker stubs

.v4_bx          0x08008798        0x0
 .v4_bx         0x08008798        0x0 linker stubs

.iplt           0x08008798        0x0
 .iplt          0x08008798        0x0 C:/ST/STM32CubeIDE_1.19.0/STM32CubeIDE/plugins/com.st.stm32cube.ide.mcu.externaltools.gnu-tools-for-stm32.13.3.rel1.win32_1.0.0.202411081344/tools/bin/../lib/gcc/arm-none-eabi/13.3.1/thumb/v6-m/nofp/crtbegin.o

.rodata         0x08008798      0x154
                0x08008798                        . = ALIGN (0x4)
 *(.rodata)
 .rodata        0x08008798       0x22 ./Core/Src/main.o
 *fill*         0x080087ba        0x2 
 .rodata        0x080087bc       0x44 ./Middlewares/Third_Party/FatFs/src/ff.o
 *(.rodata*)
 .rodata.AHBPrescTable
                0x08008800       0x10 ./Core/Src/system_stm32f0xx.o
                0x08008800                AHBPrescTable
 .rodata.APBPrescTable
                0x08008810        0x8 ./Core/Src/system_stm32f0xx.o
                0x08008810                APBPrescTable
 .rodata.aPLLMULFactorTable.1
                0x08008818       0x10 ./Drivers/STM32F0xx_HAL_Driver/Src/stm32f0xx_hal_rcc.o
 .rodata.aPredivFactorTable.0
                0x08008828       0x10 ./Drivers/STM32F0xx_HAL_Driver/Src/stm32f0xx_hal_rcc.o
 .rodata.ExCvt  0x08008838       0x80 ./Middlewares/Third_Party/FatFs/src/ff.o
 .rodata._svfprintf_r.str1.1
                0x080088b8       0x33 C:/ST/STM32CubeIDE_1.19.0/STM32CubeIDE/plugins/com.st.stm32cube.ide.mcu.externaltools.gnu-tools-for-stm32.13.3.rel1.win32_1.0.0.202411081344/tools/bin/../lib/gcc/arm-none-eabi/13.3.1/../../../../arm-none-eabi/lib/thumb/v6-m/nofp\libc_nano.a(libc_a-nano-svfprintf.o)
                                 0x11 (size before relaxing)
 .rodata._printf_i.str1.1
                0x080088eb       0x22 C:/ST/STM32CubeIDE_1.19.0/STM32CubeIDE/plugins/com.st.stm32cube.ide.mcu.externaltools.gnu-tools-for-stm32.13.3.rel1.win32_1.0.0.202411081344/tools/bin/../lib/gcc/arm-none-eabi/13.3.1/../../../../arm-none-eabi/lib/thumb/v6-m/nofp\libc_nano.a(libc_a-nano-vfprintf_i.o)
                0x08008910                        . = ALIGN (0x4)
 *fill*         0x080088eb        0x1 

.ARM.extab      0x080088ec        0x0
                0x080088ec                        . = ALIGN (0x4)
 *(.ARM.extab* .gnu.linkonce.armextab.*)
                0x080088ec                        . = ALIGN (0x4)

.ARM            0x080088ec        0x0
                0x080088ec                        . = ALIGN (0x4)
                0x080088ec                        __exidx_start = .
 *(.ARM.exidx*)
                0x080088ec                        __exidx_end = .
                0x080088ec                        . = ALIGN (0x4)

.preinit_array  0x080088ec        0x0
                0x080088ec                        . = ALIGN (0x4)
                0x080088ec                        PROVIDE (__preinit_array_start = .)
 *(.preinit_array*)
                0x080088ec                        PROVIDE (__preinit_array_end = .)
                0x080088ec                        . = ALIGN (0x4)

.init_array     0x080088ec        0x4
                0x080088ec                        . = ALIGN (0x4)
                0x080088ec                        PROVIDE (__init_array_start = .)
 *(SORT_BY_NAME(.init_array.*))
 *(.init_array*)
 .init_array    0x080088ec        0x4 C:/ST/STM32CubeIDE_1.19.0/STM32CubeIDE/plugins/com.st.stm32cube.ide.mcu.externaltools.gnu-tools-for-stm32.13.3.rel1.win32_1.0.0.202411081344/tools/bin/../lib/gcc/arm-none-eabi/13.3.1/thumb/v6-m/nofp/crtbegin.o
                0x080088f0                        PROVIDE (__init_array_end = .)
                0x080088f0                        . = ALIGN (0x4)

.fini_array     0x080088f0        0x4
                0x080088f0                        . = ALIGN (0x4)
                [!provide]                        PROVIDE (__fini_array_start = .)
 *(SORT_BY_NAME(.fini_array.*))
 *(.fini_array*)
 .fini_array    0x080088f0        0x4 C:/ST/STM32CubeIDE_1.19.0/STM32CubeIDE/plugins/com.st.stm32cube.ide.mcu.externaltools.gnu-tools-for-stm32.13.3.rel1.win32_1.0.0.202411081344/tools/bin/../lib/gcc/arm-none-eabi/13.3.1/thumb/v6-m/nofp/crtbegin.o
                [!provide]                        PROVIDE (__fini_array_end = .)
                0x080088f4                        . = ALIGN (0x4)
                0x080088f4                        _sidata = LOADADDR (.data)

.rel.dyn        0x080088f4        0x0
 .rel.iplt      0x080088f4        0x0 C:/ST/STM32CubeIDE_1.19.0/STM32CubeIDE/plugins/com.st.stm32cube.ide.mcu.externaltools.gnu-tools-for-stm32.13.3.rel1.win32_1.0.0.202411081344/tools/bin/../lib/gcc/arm-none-eabi/13.3.1/thumb/v6-m/nofp/crtbegin.o

.data           0x20000000       0x74 load address 0x080088f4
                0x20000000                        . = ALIGN (0x4)
                0x20000000                        _sdata = .
 *(.data)
 *(.data*)
 .data.SystemCoreClock
                0x20000000        0x4 ./Core/Src/system_stm32f0xx.o
                0x20000000                SystemCoreClock
 .data.uwTickPrio
                0x20000004        0x4 ./Drivers/STM32F0xx_HAL_Driver/Src/stm32f0xx_hal.o
                0x20000004                uwTickPrio
 .data.uwTickFreq
                0x20000008        0x1 ./Drivers/STM32F0xx_HAL_Driver/Src/stm32f0xx_hal.o
                0x20000008                uwTickFreq
 *fill*         0x20000009        0x3 
 .data.USER_Driver
                0x2000000c       0x14 ./FATFS/Target/user_diskio.o
                0x2000000c                USER_Driver
 .data.Stat     0x20000020        0x1 ./FATFS/Target/user_diskio_spi.o
 *fill*         0x20000021        0x3 
 .data._impure_ptr
                0x20000024        0x4 C:/ST/STM32CubeIDE_1.19.0/STM32CubeIDE/plugins/com.st.stm32cube.ide.mcu.externaltools.gnu-tools-for-stm32.13.3.rel1.win32_1.0.0.202411081344/tools/bin/../lib/gcc/arm-none-eabi/13.3.1/../../../../arm-none-eabi/lib/thumb/v6-m/nofp\libc_nano.a(libc_a-impure.o)
                0x20000024                _impure_ptr
 .data._impure_data
                0x20000028       0x4c C:/ST/STM32CubeIDE_1.19.0/STM32CubeIDE/plugins/com.st.stm32cube.ide.mcu.externaltools.gnu-tools-for-stm32.13.3.rel1.win32_1.0.0.202411081344/tools/bin/../lib/gcc/arm-none-eabi/13.3.1/../../../../arm-none-eabi/lib/thumb/v6-m/nofp\libc_nano.a(libc_a-impure.o)
                0x20000028                _impure_data
 *(.RamFunc)
 *(.RamFunc*)
                0x20000074                        . = ALIGN (0x4)
                0x20000074                        _edata = .

.igot.plt       0x20000074        0x0 load address 0x08008968
 .igot.plt      0x20000074        0x0 C:/ST/STM32CubeIDE_1.19.0/STM32CubeIDE/plugins/com.st.stm32cube.ide.mcu.externaltools.gnu-tools-for-stm32.13.3.rel1.win32_1.0.0.202411081344/tools/bin/../lib/gcc/arm-none-eabi/13.3.1/thumb/v6-m/nofp/crtbegin.o
                0x20000074                        . = ALIGN (0x4)

.bss            0x20000078     0x1cd8 load address 0x08008968
                0x20000078                        _sbss = .
                0x20000078                        __bss_start__ = _sbss
 *(.bss)
 .bss           0x20000078       0x1c C:/ST/STM32CubeIDE_1.19.0/STM32CubeIDE/plugins/com.st.stm32cube.ide.mcu.externaltools.gnu-tools-for-stm32.13.3.rel1.win32_1.0.0.202411081344/tools/bin/../lib/gcc/arm-none-eabi/13.3.1/thumb/v6-m/nofp/crtbegin.o
 *(.bss*)
 .bss.hcan      0x20000094       0x28 ./Core/Src/canbus.o
                0x20000094                hcan
 .bss.CANqueue  0x200000bc     0x1000 ./Core/Src/canbus.o
                0x200000bc                CANqueue
 .bss.CANqueue_write_index
                0x200010bc        0x4 ./Core/Src/canbus.o
                0x200010bc                CANqueue_write_index
 .bss.CANqueue_read_index
                0x200010c0        0x4 ./Core/Src/canbus.o
                0x200010c0                CANqueue_read_index
 .bss.collection_active
                0x200010c4        0x4 ./Core/Src/canbus.o
                0x200010c4                collection_active
 .bss.RxHeader  0x200010c8       0x1c ./Core/Src/canbus.o
                0x200010c8                RxHeader
 .bss.RxData    0x200010e4        0x8 ./Core/Src/canbus.o
                0x200010e4                RxData
 .bss.can_rx_irq_count
                0x200010ec        0x4 ./Core/Src/canbus.o
                0x200010ec                can_rx_irq_count
 .bss.last_queue_index
                0x200010f0        0x4 ./Core/Src/canbus.o
                0x200010f0                last_queue_index
 .bss.hspi1     0x200010f4       0x64 ./Core/Src/main.o
                0x200010f4                hspi1
 .bss.hspi2     0x20001158       0x64 ./Core/Src/main.o
                0x20001158                hspi2
 .bss.huart2    0x200011bc       0x88 ./Core/Src/main.o
                0x200011bc                huart2
 .bss.hpcd_USB_FS
                0x20001244      0x2dc ./Core/Src/main.o
                0x20001244                hpcd_USB_FS
 .bss.temp_msg  0x20001520       0x10 ./Core/Src/main.o
                0x20001520                temp_msg
 .bss.sd_state  0x20001530        0x2 ./Core/Src/main.o
                0x20001530                sd_state
 *fill*         0x20001532        0x2 
 .bss.sd_buffer
                0x20001534      0x200 ./Core/Src/main.o
                0x20001534                sd_buffer
 .bss.sd_idx    0x20001734        0x2 ./Core/Src/main.o
                0x20001734                sd_idx
 *fill*         0x20001736        0x2 
 .bss.total_frames_logged
                0x20001738        0x4 ./Core/Src/main.o
                0x20001738                total_frames_logged
 .bss.fs        0x2000173c      0x230 ./Core/Src/main.o
                0x2000173c                fs
 .bss.res       0x2000196c        0x1 ./Core/Src/main.o
                0x2000196c                res
 *fill*         0x2000196d        0x3 
 .bss.myFile    0x20001970      0x22c ./Core/Src/main.o
                0x20001970                myFile
 .bss.__sbrk_heap_end
                0x20001b9c        0x4 ./Core/Src/sysmem.o
 .bss.uwTick    0x20001ba0        0x4 ./Drivers/STM32F0xx_HAL_Driver/Src/stm32f0xx_hal.o
                0x20001ba0                uwTick
 *fill*         0x20001ba4        0x4 
 .bss.pFlash    0x20001ba8       0x20 ./Drivers/STM32F0xx_HAL_Driver/Src/stm32f0xx_hal_flash.o
                0x20001ba8                pFlash
 .bss.retUSER   0x20001bc8        0x1 ./FATFS/App/fatfs.o
                0x20001bc8                retUSER
 *fill*         0x20001bc9        0x3 
 .bss.USERPath  0x20001bcc        0x4 ./FATFS/App/fatfs.o
                0x20001bcc                USERPath
 .bss.CardType  0x20001bd0        0x1 ./FATFS/Target/user_diskio_spi.o
 *fill*         0x20001bd1        0x3 
 .bss.spiTimerTickStart
                0x20001bd4        0x4 ./FATFS/Target/user_diskio_spi.o
                0x20001bd4                spiTimerTickStart
 .bss.spiTimerTickDelay
                0x20001bd8        0x4 ./FATFS/Target/user_diskio_spi.o
                0x20001bd8                spiTimerTickDelay
 .bss.FatFs     0x20001bdc        0x4 ./Middlewares/Third_Party/FatFs/src/ff.o
 .bss.Fsid      0x20001be0        0x2 ./Middlewares/Third_Party/FatFs/src/ff.o
 *fill*         0x20001be2        0x2 
 .bss.Files     0x20001be4       0x18 ./Middlewares/Third_Party/FatFs/src/ff.o
 .bss.disk      0x20001bfc        0xc ./Middlewares/Third_Party/FatFs/src/ff_gen_drv.o
                0x20001bfc                disk
 .bss.__sf      0x20001c08      0x138 C:/ST/STM32CubeIDE_1.19.0/STM32CubeIDE/plugins/com.st.stm32cube.ide.mcu.externaltools.gnu-tools-for-stm32.13.3.rel1.win32_1.0.0.202411081344/tools/bin/../lib/gcc/arm-none-eabi/13.3.1/../../../../arm-none-eabi/lib/thumb/v6-m/nofp\libc_nano.a(libc_a-findfp.o)
                0x20001c08                __sf
 .bss.errno     0x20001d40        0x4 C:/ST/STM32CubeIDE_1.19.0/STM32CubeIDE/plugins/com.st.stm32cube.ide.mcu.externaltools.gnu-tools-for-stm32.13.3.rel1.win32_1.0.0.202411081344/tools/bin/../lib/gcc/arm-none-eabi/13.3.1/../../../../arm-none-eabi/lib/thumb/v6-m/nofp\libc_nano.a(libc_a-reent.o)
                0x20001d40                errno
 .bss.__lock___malloc_recursive_mutex
                0x20001d44        0x1 C:/ST/STM32CubeIDE_1.19.0/STM32CubeIDE/plugins/com.st.stm32cube.ide.mcu.externaltools.gnu-tools-for-stm32.13.3.rel1.win32_1.0.0.202411081344/tools/bin/../lib/gcc/arm-none-eabi/13.3.1/../../../../arm-none-eabi/lib/thumb/v6-m/nofp\libc_nano.a(libc_a-lock.o)
                0x20001d44                __lock___malloc_recursive_mutex
 *fill*         0x20001d45        0x3 
 .bss.__malloc_sbrk_start
                0x20001d48        0x4 C:/ST/STM32CubeIDE_1.19.0/STM32CubeIDE/plugins/com.st.stm32cube.ide.mcu.externaltools.gnu-tools-for-stm32.13.3.rel1.win32_1.0.0.202411081344/tools/bin/../lib/gcc/arm-none-eabi/13.3.1/../../../../arm-none-eabi/lib/thumb/v6-m/nofp\libc_nano.a(libc_a-mallocr.o)
                0x20001d48                __malloc_sbrk_start
 .bss.__malloc_free_list
                0x20001d4c        0x4 C:/ST/STM32CubeIDE_1.19.0/STM32CubeIDE/plugins/com.st.stm32cube.ide.mcu.externaltools.gnu-tools-for-stm32.13.3.rel1.win32_1.0.0.202411081344/tools/bin/../lib/gcc/arm-none-eabi/13.3.1/../../../../arm-none-eabi/lib/thumb/v6-m/nofp\libc_nano.a(libc_a-mallocr.o)
                0x20001d4c                __malloc_free_list
 *(COMMON)
                0x20001d50                        . = ALIGN (0x4)
                0x20001d50                        _ebss = .
                0x20001d50                        __bss_end__ = _ebss

._user_heap_stack
                0x20001d50      0x600 load address 0x08008968
                0x20001d50                        . = ALIGN (0x8)
                [!provide]                        PROVIDE (end = .)
                0x20001d50                        PROVIDE (_end = .)
                0x20001f50                        . = (. + _Min_Heap_Size)
 *fill*         0x20001d50      0x200 
                0x20002350                        . = (. + _Min_Stack_Size)
 *fill*         0x20001f50      0x400 
                0x20002350                        . = ALIGN (0x8)

/DISCARD/
 libc.a(*)
 libm.a(*)
 libgcc.a(*)

.ARM.attributes
                0x00000000       0x28
 *(.ARM.attributes)
 .ARM.attributes
                0x00000000       0x1e C:/ST/STM32CubeIDE_1.19.0/STM32CubeIDE/plugins/com.st.stm32cube.ide.mcu.externaltools.gnu-tools-for-stm32.13.3.rel1.win32_1.0.0.202411081344/tools/bin/../lib/gcc/arm-none-eabi/13.3.1/thumb/v6-m/nofp/crti.o
 .ARM.attributes
                0x0000001e       0x2c C:/ST/STM32CubeIDE_1.19.0/STM32CubeIDE/plugins/com.st.stm32cube.ide.mcu.externaltools.gnu-tools-for-stm32.13.3.rel1.win32_1.0.0.202411081344/tools/bin/../lib/gcc/arm-none-eabi/13.3.1/thumb/v6-m/nofp/crtbegin.o
 .ARM.attributes
                0x0000004a       0x2c ./Core/Src/canbus.o
 .ARM.attributes
                0x00000076       0x2c ./Core/Src/main.o
 .ARM.attributes
                0x000000a2       0x2c ./Core/Src/stm32f0xx_hal_msp.o
 .ARM.attributes
                0x000000ce       0x2c ./Core/Src/stm32f0xx_it.o
 .ARM.attributes
                0x000000fa       0x2c ./Core/Src/sysmem.o
 .ARM.attributes
                0x00000126       0x2c ./Core/Src/system_stm32f0xx.o
 .ARM.attributes
                0x00000152       0x21 ./Core/Startup/startup_stm32f072rbtx.o
 .ARM.attributes
                0x00000173       0x2c ./Drivers/STM32F0xx_HAL_Driver/Src/stm32f0xx_hal.o
 .ARM.attributes
                0x0000019f       0x2c ./Drivers/STM32F0xx_HAL_Driver/Src/stm32f0xx_hal_can.o
 .ARM.attributes
                0x000001cb       0x2c ./Drivers/STM32F0xx_HAL_Driver/Src/stm32f0xx_hal_cortex.o
 .ARM.attributes
                0x000001f7       0x2c ./Drivers/STM32F0xx_HAL_Driver/Src/stm32f0xx_hal_flash.o
 .ARM.attributes
                0x00000223       0x2c ./Drivers/STM32F0xx_HAL_Driver/Src/stm32f0xx_hal_flash_ex.o
 .ARM.attributes
                0x0000024f       0x2c ./Drivers/STM32F0xx_HAL_Driver/Src/stm32f0xx_hal_gpio.o
 .ARM.attributes
                0x0000027b       0x2c ./Drivers/STM32F0xx_HAL_Driver/Src/stm32f0xx_hal_pcd.o
 .ARM.attributes
                0x000002a7       0x2c ./Drivers/STM32F0xx_HAL_Driver/Src/stm32f0xx_hal_pcd_ex.o
 .ARM.attributes
                0x000002d3       0x2c ./Drivers/STM32F0xx_HAL_Driver/Src/stm32f0xx_hal_rcc.o
 .ARM.attributes
                0x000002ff       0x2c ./Drivers/STM32F0xx_HAL_Driver/Src/stm32f0xx_hal_rcc_ex.o
 .ARM.attributes
                0x0000032b       0x2c ./Drivers/STM32F0xx_HAL_Driver/Src/stm32f0xx_hal_spi.o
 .ARM.attributes
                0x00000357       0x2c ./Drivers/STM32F0xx_HAL_Driver/Src/stm32f0xx_hal_uart.o
 .ARM.attributes
                0x00000383       0x2c ./Drivers/STM32F0xx_HAL_Driver/Src/stm32f0xx_ll_usb.o
 .ARM.attributes
                0x000003af       0x2c ./FATFS/App/fatfs.o
 .ARM.attributes
                0x000003db       0x2c ./FATFS/Target/user_diskio.o
 .ARM.attributes
                0x00000407       0x2c ./FATFS/Target/user_diskio_spi.o
 .ARM.attributes
                0x00000433       0x2c ./Middlewares/Third_Party/FatFs/src/diskio.o
 .ARM.attributes
                0x0000045f       0x2c ./Middlewares/Third_Party/FatFs/src/ff.o
 .ARM.attributes
                0x0000048b       0x2c ./Middlewares/Third_Party/FatFs/src/ff_gen_drv.o
 .ARM.attributes
                0x000004b7       0x2c C:/ST/STM32CubeIDE_1.19.0/STM32CubeIDE/plugins/com.st.stm32cube.ide.mcu.externaltools.gnu-tools-for-stm32.13.3.rel1.win32_1.0.0.202411081344/tools/bin/../lib/gcc/arm-none-eabi/13.3.1/../../../../arm-none-eabi/lib/thumb/v6-m/nofp\libc_nano.a(libc_a-findfp.o)
 .ARM.attributes
                0x000004e3       0x2c C:/ST/STM32CubeIDE_1.19.0/STM32CubeIDE/plugins/com.st.stm32cube.ide.mcu.externaltools.gnu-tools-for-stm32.13.3.rel1.win32_1.0.0.202411081344/tools/bin/../lib/gcc/arm-none-eabi/13.3.1/../../../../arm-none-eabi/lib/thumb/v6-m/nofp\libc_nano.a(libc_a-sprintf.o)
 .ARM.attributes
                0x0000050f       0x2c C:/ST/STM32CubeIDE_1.19.0/STM32CubeIDE/plugins/com.st.stm32cube.ide.mcu.externaltools.gnu-tools-for-stm32.13.3.rel1.win32_1.0.0.202411081344/tools/bin/../lib/gcc/arm-none-eabi/13.3.1/../../../../arm-none-eabi/lib/thumb/v6-m/nofp\libc_nano.a(libc_a-memset.o)
 .ARM.attributes
                0x0000053b       0x2c C:/ST/STM32CubeIDE_1.19.0/STM32CubeIDE/plugins/com.st.stm32cube.ide.mcu.externaltools.gnu-tools-for-stm32.13.3.rel1.win32_1.0.0.202411081344/tools/bin/../lib/gcc/arm-none-eabi/13.3.1/../../../../arm-none-eabi/lib/thumb/v6-m/nofp\libc_nano.a(libc_a-reent.o)
 .ARM.attributes
                0x00000567       0x2c C:/ST/STM32CubeIDE_1.19.0/STM32CubeIDE/plugins/com.st.stm32cube.ide.mcu.externaltools.gnu-tools-for-stm32.13.3.rel1.win32_1.0.0.202411081344/tools/bin/../lib/gcc/arm-none-eabi/13.3.1/../../../../arm-none-eabi/lib/thumb/v6-m/nofp\libc_nano.a(libc_a-impure.o)
 .ARM.attributes
                0x00000593       0x2c C:/ST/STM32CubeIDE_1.19.0/STM32CubeIDE/plugins/com.st.stm32cube.ide.mcu.externaltools.gnu-tools-for-stm32.13.3.rel1.win32_1.0.0.202411081344/tools/bin/../lib/gcc/arm-none-eabi/13.3.1/../../../../arm-none-eabi/lib/thumb/v6-m/nofp\libc_nano.a(libc_a-errno.o)
 .ARM.attributes
                0x000005bf       0x2c C:/ST/STM32CubeIDE_1.19.0/STM32CubeIDE/plugins/com.st.stm32cube.ide.mcu.externaltools.gnu-tools-for-stm32.13.3.rel1.win32_1.0.0.202411081344/tools/bin/../lib/gcc/arm-none-eabi/13.3.1/../../../../arm-none-eabi/lib/thumb/v6-m/nofp\libc_nano.a(libc_a-init.o)
 .ARM.attributes
                0x000005eb       0x2c C:/ST/STM32CubeIDE_1.19.0/STM32CubeIDE/plugins/com.st.stm32cube.ide.mcu.externaltools.gnu-tools-for-stm32.13.3.rel1.win32_1.0.0.202411081344/tools/bin/../lib/gcc/arm-none-eabi/13.3.1/../../../../arm-none-eabi/lib/thumb/v6-m/nofp\libc_nano.a(libc_a-lock.o)
 .ARM.attributes
                0x00000617       0x2c C:/ST/STM32CubeIDE_1.19.0/STM32CubeIDE/plugins/com.st.stm32cube.ide.mcu.externaltools.gnu-tools-for-stm32.13.3.rel1.win32_1.0.0.202411081344/tools/bin/../lib/gcc/arm-none-eabi/13.3.1/../../../../arm-none-eabi/lib/thumb/v6-m/nofp\libc_nano.a(libc_a-memcpy-stub.o)
 .ARM.attributes
                0x00000643       0x2c C:/ST/STM32CubeIDE_1.19.0/STM32CubeIDE/plugins/com.st.stm32cube.ide.mcu.externaltools.gnu-tools-for-stm32.13.3.rel1.win32_1.0.0.202411081344/tools/bin/../lib/gcc/arm-none-eabi/13.3.1/../../../../arm-none-eabi/lib/thumb/v6-m/nofp\libc_nano.a(libc_a-freer.o)
 .ARM.attributes
                0x0000066f       0x2c C:/ST/STM32CubeIDE_1.19.0/STM32CubeIDE/plugins/com.st.stm32cube.ide.mcu.externaltools.gnu-tools-for-stm32.13.3.rel1.win32_1.0.0.202411081344/tools/bin/../lib/gcc/arm-none-eabi/13.3.1/../../../../arm-none-eabi/lib/thumb/v6-m/nofp\libc_nano.a(libc_a-mallocr.o)
 .ARM.attributes
                0x0000069b       0x2c C:/ST/STM32CubeIDE_1.19.0/STM32CubeIDE/plugins/com.st.stm32cube.ide.mcu.externaltools.gnu-tools-for-stm32.13.3.rel1.win32_1.0.0.202411081344/tools/bin/../lib/gcc/arm-none-eabi/13.3.1/../../../../arm-none-eabi/lib/thumb/v6-m/nofp\libc_nano.a(libc_a-mlock.o)
 .ARM.attributes
                0x000006c7       0x2c C:/ST/STM32CubeIDE_1.19.0/STM32CubeIDE/plugins/com.st.stm32cube.ide.mcu.externaltools.gnu-tools-for-stm32.13.3.rel1.win32_1.0.0.202411081344/tools/bin/../lib/gcc/arm-none-eabi/13.3.1/../../../../arm-none-eabi/lib/thumb/v6-m/nofp\libc_nano.a(libc_a-nano-svfprintf.o)
 .ARM.attributes
                0x000006f3       0x2c C:/ST/STM32CubeIDE_1.19.0/STM32CubeIDE/plugins/com.st.stm32cube.ide.mcu.externaltools.gnu-tools-for-stm32.13.3.rel1.win32_1.0.0.202411081344/tools/bin/../lib/gcc/arm-none-eabi/13.3.1/../../../../arm-none-eabi/lib/thumb/v6-m/nofp\libc_nano.a(libc_a-nano-vfprintf_i.o)
 .ARM.attributes
                0x0000071f       0x2c C:/ST/STM32CubeIDE_1.19.0/STM32CubeIDE/plugins/com.st.stm32cube.ide.mcu.externaltools.gnu-tools-for-stm32.13.3.rel1.win32_1.0.0.202411081344/tools/bin/../lib/gcc/arm-none-eabi/13.3.1/../../../../arm-none-eabi/lib/thumb/v6-m/nofp\libc_nano.a(libc_a-memmove.o)
 .ARM.attributes
                0x0000074b       0x2c C:/ST/STM32CubeIDE_1.19.0/STM32CubeIDE/plugins/com.st.stm32cube.ide.mcu.externaltools.gnu-tools-for-stm32.13.3.rel1.win32_1.0.0.202411081344/tools/bin/../lib/gcc/arm-none-eabi/13.3.1/../../../../arm-none-eabi/lib/thumb/v6-m/nofp\libc_nano.a(libc_a-sbrkr.o)
 .ARM.attributes
                0x00000777       0x2c C:/ST/STM32CubeIDE_1.19.0/STM32CubeIDE/plugins/com.st.stm32cube.ide.mcu.externaltools.gnu-tools-for-stm32.13.3.rel1.win32_1.0.0.202411081344/tools/bin/../lib/gcc/arm-none-eabi/13.3.1/../../../../arm-none-eabi/lib/thumb/v6-m/nofp\libc_nano.a(libc_a-memchr-stub.o)
 .ARM.attributes
                0x000007a3       0x2c C:/ST/STM32CubeIDE_1.19.0/STM32CubeIDE/plugins/com.st.stm32cube.ide.mcu.externaltools.gnu-tools-for-stm32.13.3.rel1.win32_1.0.0.202411081344/tools/bin/../lib/gcc/arm-none-eabi/13.3.1/../../../../arm-none-eabi/lib/thumb/v6-m/nofp\libc_nano.a(libc_a-reallocr.o)
 .ARM.attributes
                0x000007cf       0x2c C:/ST/STM32CubeIDE_1.19.0/STM32CubeIDE/plugins/com.st.stm32cube.ide.mcu.externaltools.gnu-tools-for-stm32.13.3.rel1.win32_1.0.0.202411081344/tools/bin/../lib/gcc/arm-none-eabi/13.3.1/../../../../arm-none-eabi/lib/thumb/v6-m/nofp\libc_nano.a(libc_a-msizer.o)
 .ARM.attributes
                0x000007fb       0x1e C:/ST/STM32CubeIDE_1.19.0/STM32CubeIDE/plugins/com.st.stm32cube.ide.mcu.externaltools.gnu-tools-for-stm32.13.3.rel1.win32_1.0.0.202411081344/tools/bin/../lib/gcc/arm-none-eabi/13.3.1/thumb/v6-m/nofp\libgcc.a(_thumb1_case_shi.o)
 .ARM.attributes
                0x00000819       0x1e C:/ST/STM32CubeIDE_1.19.0/STM32CubeIDE/plugins/com.st.stm32cube.ide.mcu.externaltools.gnu-tools-for-stm32.13.3.rel1.win32_1.0.0.202411081344/tools/bin/../lib/gcc/arm-none-eabi/13.3.1/thumb/v6-m/nofp\libgcc.a(_udivsi3.o)
 .ARM.attributes
                0x00000837       0x1e C:/ST/STM32CubeIDE_1.19.0/STM32CubeIDE/plugins/com.st.stm32cube.ide.mcu.externaltools.gnu-tools-for-stm32.13.3.rel1.win32_1.0.0.202411081344/tools/bin/../lib/gcc/arm-none-eabi/13.3.1/thumb/v6-m/nofp\libgcc.a(_dvmd_tls.o)
 .ARM.attributes
                0x00000855       0x1e C:/ST/STM32CubeIDE_1.19.0/STM32CubeIDE/plugins/com.st.stm32cube.ide.mcu.externaltools.gnu-tools-for-stm32.13.3.rel1.win32_1.0.0.202411081344/tools/bin/../lib/gcc/arm-none-eabi/13.3.1/thumb/v6-m/nofp/crtn.o
OUTPUT(can-sniffer-v1.elf elf32-littlearm)
LOAD linker stubs
LOAD C:/ST/STM32CubeIDE_1.19.0/STM32CubeIDE/plugins/com.st.stm32cube.ide.mcu.externaltools.gnu-tools-for-stm32.13.3.rel1.win32_1.0.0.202411081344/tools/bin/../lib/gcc/arm-none-eabi/13.3.1/../../../../arm-none-eabi/lib/thumb/v6-m/nofp\libc.a
LOAD C:/ST/STM32CubeIDE_1.19.0/STM32CubeIDE/plugins/com.st.stm32cube.ide.mcu.externaltools.gnu-tools-for-stm32.13.3.rel1.win32_1.0.0.202411081344/tools/bin/../lib/gcc/arm-none-eabi/13.3.1/../../../../arm-none-eabi/lib/thumb/v6-m/nofp\libm.a
LOAD C:/ST/STM32CubeIDE_1.19.0/STM32CubeIDE/plugins/com.st.stm32cube.ide.mcu.externaltools.gnu-tools-for-stm32.13.3.rel1.win32_1.0.0.202411081344/tools/bin/../lib/gcc/arm-none-eabi/13.3.1/thumb/v6-m/nofp\libgcc.a

.debug_info     0x00000000    0x1471d
 .debug_info    0x00000000      0x9a3 ./Core/Src/canbus.o
 .debug_info    0x000009a3     0x1f4d ./Core/Src/main.o
 .debug_info    0x000028f0     0x16d7 ./Core/Src/stm32f0xx_hal_msp.o
 .debug_info    0x00003fc7      0x50e ./Core/Src/stm32f0xx_it.o
 .debug_info    0x000044d5      0x168 ./Core/Src/sysmem.o
 .debug_info    0x0000463d      0x242 ./Core/Src/system_stm32f0xx.o
 .debug_info    0x0000487f       0x30 ./Core/Startup/startup_stm32f072rbtx.o
 .debug_info    0x000048af      0x6c9 ./Drivers/STM32F0xx_HAL_Driver/Src/stm32f0xx_hal.o
 .debug_info    0x00004f78      0xeb5 ./Drivers/STM32F0xx_HAL_Driver/Src/stm32f0xx_hal_can.o
 .debug_info    0x00005e2d      0x6c5 ./Drivers/STM32F0xx_HAL_Driver/Src/stm32f0xx_hal_cortex.o
 .debug_info    0x000064f2      0x4f5 ./Drivers/STM32F0xx_HAL_Driver/Src/stm32f0xx_hal_flash.o
 .debug_info    0x000069e7      0x735 ./Drivers/STM32F0xx_HAL_Driver/Src/stm32f0xx_hal_flash_ex.o
 .debug_info    0x0000711c      0x5a6 ./Drivers/STM32F0xx_HAL_Driver/Src/stm32f0xx_hal_gpio.o
 .debug_info    0x000076c2     0x161d ./Drivers/STM32F0xx_HAL_Driver/Src/stm32f0xx_hal_pcd.o
 .debug_info    0x00008cdf      0x80a ./Drivers/STM32F0xx_HAL_Driver/Src/stm32f0xx_hal_pcd_ex.o
 .debug_info    0x000094e9      0x83f ./Drivers/STM32F0xx_HAL_Driver/Src/stm32f0xx_hal_rcc.o
 .debug_info    0x00009d28      0x61c ./Drivers/STM32F0xx_HAL_Driver/Src/stm32f0xx_hal_rcc_ex.o
 .debug_info    0x0000a344     0x1618 ./Drivers/STM32F0xx_HAL_Driver/Src/stm32f0xx_hal_spi.o
 .debug_info    0x0000b95c     0x3aa2 ./Drivers/STM32F0xx_HAL_Driver/Src/stm32f0xx_hal_uart.o
 .debug_info    0x0000f3fe     0x166d ./Drivers/STM32F0xx_HAL_Driver/Src/stm32f0xx_ll_usb.o
 .debug_info    0x00010a6b      0x4cf ./FATFS/App/fatfs.o
 .debug_info    0x00010f3a      0x3aa ./FATFS/Target/user_diskio.o
 .debug_info    0x000112e4      0xc05 ./FATFS/Target/user_diskio_spi.o
 .debug_info    0x00011ee9      0x3da ./Middlewares/Third_Party/FatFs/src/diskio.o
 .debug_info    0x000122c3     0x20e0 ./Middlewares/Third_Party/FatFs/src/ff.o
 .debug_info    0x000143a3      0x37a ./Middlewares/Third_Party/FatFs/src/ff_gen_drv.o

.debug_abbrev   0x00000000     0x34c5
 .debug_abbrev  0x00000000      0x238 ./Core/Src/canbus.o
 .debug_abbrev  0x00000238      0x382 ./Core/Src/main.o
 .debug_abbrev  0x000005ba      0x259 ./Core/Src/stm32f0xx_hal_msp.o
 .debug_abbrev  0x00000813      0x15b ./Core/Src/stm32f0xx_it.o
 .debug_abbrev  0x0000096e       0xbc ./Core/Src/sysmem.o
 .debug_abbrev  0x00000a2a      0x11c ./Core/Src/system_stm32f0xx.o
 .debug_abbrev  0x00000b46       0x24 ./Core/Startup/startup_stm32f072rbtx.o
 .debug_abbrev  0x00000b6a      0x213 ./Drivers/STM32F0xx_HAL_Driver/Src/stm32f0xx_hal.o
 .debug_abbrev  0x00000d7d      0x1c3 ./Drivers/STM32F0xx_HAL_Driver/Src/stm32f0xx_hal_can.o
 .debug_abbrev  0x00000f40      0x28c ./Drivers/STM32F0xx_HAL_Driver/Src/stm32f0xx_hal_cortex.o
 .debug_abbrev  0x000011cc      0x258 ./Drivers/STM32F0xx_HAL_Driver/Src/stm32f0xx_hal_flash.o
 .debug_abbrev  0x00001424      0x247 ./Drivers/STM32F0xx_HAL_Driver/Src/stm32f0xx_hal_flash_ex.o
 .debug_abbrev  0x0000166b      0x1cb ./Drivers/STM32F0xx_HAL_Driver/Src/stm32f0xx_hal_gpio.o
 .debug_abbrev  0x00001836      0x2b9 ./Drivers/STM32F0xx_HAL_Driver/Src/stm32f0xx_hal_pcd.o
 .debug_abbrev  0x00001aef      0x228 ./Drivers/STM32F0xx_HAL_Driver/Src/stm32f0xx_hal_pcd_ex.o
 .debug_abbrev  0x00001d17      0x28c ./Drivers/STM32F0xx_HAL_Driver/Src/stm32f0xx_hal_rcc.o
 .debug_abbrev  0x00001fa3      0x1a6 ./Drivers/STM32F0xx_HAL_Driver/Src/stm32f0xx_hal_rcc_ex.o
 .debug_abbrev  0x00002149      0x269 ./Drivers/STM32F0xx_HAL_Driver/Src/stm32f0xx_hal_spi.o
 .debug_abbrev  0x000023b2      0x2cd ./Drivers/STM32F0xx_HAL_Driver/Src/stm32f0xx_hal_uart.o
 .debug_abbrev  0x0000267f      0x247 ./Drivers/STM32F0xx_HAL_Driver/Src/stm32f0xx_ll_usb.o
 .debug_abbrev  0x000028c6      0x1a8 ./FATFS/App/fatfs.o
 .debug_abbrev  0x00002a6e      0x143 ./FATFS/Target/user_diskio.o
 .debug_abbrev  0x00002bb1      0x31a ./FATFS/Target/user_diskio_spi.o
 .debug_abbrev  0x00002ecb      0x181 ./Middlewares/Third_Party/FatFs/src/diskio.o
 .debug_abbrev  0x0000304c      0x2da ./Middlewares/Third_Party/FatFs/src/ff.o
 .debug_abbrev  0x00003326      0x19f ./Middlewares/Third_Party/FatFs/src/ff_gen_drv.o

.debug_aranges  0x00000000     0x10e8
 .debug_aranges
                0x00000000       0x58 ./Core/Src/canbus.o
 .debug_aranges
                0x00000058       0x68 ./Core/Src/main.o
 .debug_aranges
                0x000000c0       0x60 ./Core/Src/stm32f0xx_hal_msp.o
 .debug_aranges
                0x00000120       0x58 ./Core/Src/stm32f0xx_it.o
 .debug_aranges
                0x00000178       0x20 ./Core/Src/sysmem.o
 .debug_aranges
                0x00000198       0x28 ./Core/Src/system_stm32f0xx.o
 .debug_aranges
                0x000001c0       0x28 ./Core/Startup/startup_stm32f072rbtx.o
 .debug_aranges
                0x000001e8       0xd0 ./Drivers/STM32F0xx_HAL_Driver/Src/stm32f0xx_hal.o
 .debug_aranges
                0x000002b8      0x138 ./Drivers/STM32F0xx_HAL_Driver/Src/stm32f0xx_hal_can.o
 .debug_aranges
                0x000003f0       0xc0 ./Drivers/STM32F0xx_HAL_Driver/Src/stm32f0xx_hal_cortex.o
 .debug_aranges
                0x000004b0       0x88 ./Drivers/STM32F0xx_HAL_Driver/Src/stm32f0xx_hal_flash.o
 .debug_aranges
                0x00000538       0x98 ./Drivers/STM32F0xx_HAL_Driver/Src/stm32f0xx_hal_flash_ex.o
 .debug_aranges
                0x000005d0       0x58 ./Drivers/STM32F0xx_HAL_Driver/Src/stm32f0xx_hal_gpio.o
 .debug_aranges
                0x00000628      0x138 ./Drivers/STM32F0xx_HAL_Driver/Src/stm32f0xx_hal_pcd.o
 .debug_aranges
                0x00000760       0x58 ./Drivers/STM32F0xx_HAL_Driver/Src/stm32f0xx_hal_pcd_ex.o
 .debug_aranges
                0x000007b8       0x80 ./Drivers/STM32F0xx_HAL_Driver/Src/stm32f0xx_hal_rcc.o
 .debug_aranges
                0x00000838       0x78 ./Drivers/STM32F0xx_HAL_Driver/Src/stm32f0xx_hal_rcc_ex.o
 .debug_aranges
                0x000008b0      0x1d8 ./Drivers/STM32F0xx_HAL_Driver/Src/stm32f0xx_hal_spi.o
 .debug_aranges
                0x00000a88      0x228 ./Drivers/STM32F0xx_HAL_Driver/Src/stm32f0xx_hal_uart.o
 .debug_aranges
                0x00000cb0       0xc8 ./Drivers/STM32F0xx_HAL_Driver/Src/stm32f0xx_ll_usb.o
 .debug_aranges
                0x00000d78       0x28 ./FATFS/App/fatfs.o
 .debug_aranges
                0x00000da0       0x40 ./FATFS/Target/user_diskio.o
 .debug_aranges
                0x00000de0       0x98 ./FATFS/Target/user_diskio_spi.o
 .debug_aranges
                0x00000e78       0x48 ./Middlewares/Third_Party/FatFs/src/diskio.o
 .debug_aranges
                0x00000ec0      0x1e8 ./Middlewares/Third_Party/FatFs/src/ff.o
 .debug_aranges
                0x000010a8       0x40 ./Middlewares/Third_Party/FatFs/src/ff_gen_drv.o

.debug_rnglists
                0x00000000      0xcff
 .debug_rnglists
                0x00000000       0x3f ./Core/Src/canbus.o
 .debug_rnglists
                0x0000003f       0x4d ./Core/Src/main.o
 .debug_rnglists
                0x0000008c       0x46 ./Core/Src/stm32f0xx_hal_msp.o
 .debug_rnglists
                0x000000d2       0x3d ./Core/Src/stm32f0xx_it.o
 .debug_rnglists
                0x0000010f       0x13 ./Core/Src/sysmem.o
 .debug_rnglists
                0x00000122       0x1a ./Core/Src/system_stm32f0xx.o
 .debug_rnglists
                0x0000013c       0x19 ./Core/Startup/startup_stm32f072rbtx.o
 .debug_rnglists
                0x00000155       0x97 ./Drivers/STM32F0xx_HAL_Driver/Src/stm32f0xx_hal.o
 .debug_rnglists
                0x000001ec       0xee ./Drivers/STM32F0xx_HAL_Driver/Src/stm32f0xx_hal_can.o
 .debug_rnglists
                0x000002da       0x8c ./Drivers/STM32F0xx_HAL_Driver/Src/stm32f0xx_hal_cortex.o
 .debug_rnglists
                0x00000366       0x65 ./Drivers/STM32F0xx_HAL_Driver/Src/stm32f0xx_hal_flash.o
 .debug_rnglists
                0x000003cb       0x76 ./Drivers/STM32F0xx_HAL_Driver/Src/stm32f0xx_hal_flash_ex.o
 .debug_rnglists
                0x00000441       0x3f ./Drivers/STM32F0xx_HAL_Driver/Src/stm32f0xx_hal_gpio.o
 .debug_rnglists
                0x00000480       0xee ./Drivers/STM32F0xx_HAL_Driver/Src/stm32f0xx_hal_pcd.o
 .debug_rnglists
                0x0000056e       0x3f ./Drivers/STM32F0xx_HAL_Driver/Src/stm32f0xx_hal_pcd_ex.o
 .debug_rnglists
                0x000005ad       0x61 ./Drivers/STM32F0xx_HAL_Driver/Src/stm32f0xx_hal_rcc.o
 .debug_rnglists
                0x0000060e       0x5b ./Drivers/STM32F0xx_HAL_Driver/Src/stm32f0xx_hal_rcc_ex.o
 .debug_rnglists
                0x00000669      0x17a ./Drivers/STM32F0xx_HAL_Driver/Src/stm32f0xx_hal_spi.o
 .debug_rnglists
                0x000007e3      0x1db ./Drivers/STM32F0xx_HAL_Driver/Src/stm32f0xx_hal_uart.o
 .debug_rnglists
                0x000009be       0x99 ./Drivers/STM32F0xx_HAL_Driver/Src/stm32f0xx_ll_usb.o
 .debug_rnglists
                0x00000a57       0x19 ./FATFS/App/fatfs.o
 .debug_rnglists
                0x00000a70       0x2b ./FATFS/Target/user_diskio.o
 .debug_rnglists
                0x00000a9b       0x72 ./FATFS/Target/user_diskio_spi.o
 .debug_rnglists
                0x00000b0d       0x31 ./Middlewares/Third_Party/FatFs/src/diskio.o
 .debug_rnglists
                0x00000b3e      0x194 ./Middlewares/Third_Party/FatFs/src/ff.o
 .debug_rnglists
                0x00000cd2       0x2d ./Middlewares/Third_Party/FatFs/src/ff_gen_drv.o

.debug_macro    0x00000000    0x1c3d3
 .debug_macro   0x00000000      0x200 ./Core/Src/canbus.o
 .debug_macro   0x00000200      0xaae ./Core/Src/canbus.o
 .debug_macro   0x00000cae       0x22 ./Core/Src/canbus.o
 .debug_macro   0x00000cd0       0x8e ./Core/Src/canbus.o
 .debug_macro   0x00000d5e       0x51 ./Core/Src/canbus.o
 .debug_macro   0x00000daf      0x103 ./Core/Src/canbus.o
 .debug_macro   0x00000eb2       0x6a ./Core/Src/canbus.o
 .debug_macro   0x00000f1c      0x1df ./Core/Src/canbus.o
 .debug_macro   0x000010fb      0x13f ./Core/Src/canbus.o
 .debug_macro   0x0000123a       0x2e ./Core/Src/canbus.o
 .debug_macro   0x00001268       0x22 ./Core/Src/canbus.o
 .debug_macro   0x0000128a       0x1c ./Core/Src/canbus.o
 .debug_macro   0x000012a6       0x22 ./Core/Src/canbus.o
 .debug_macro   0x000012c8       0xaf ./Core/Src/canbus.o
 .debug_macro   0x00001377      0x391 ./Core/Src/canbus.o
 .debug_macro   0x00001708     0xfe73 ./Core/Src/canbus.o
 .debug_macro   0x0001157b       0x66 ./Core/Src/canbus.o
 .debug_macro   0x000115e1     0x34da ./Core/Src/canbus.o
 .debug_macro   0x00014abb      0x190 ./Core/Src/canbus.o
 .debug_macro   0x00014c4b       0x55 ./Core/Src/canbus.o
 .debug_macro   0x00014ca0      0x946 ./Core/Src/canbus.o
 .debug_macro   0x000155e6      0x5f3 ./Core/Src/canbus.o
 .debug_macro   0x00015bd9      0x1ae ./Core/Src/canbus.o
 .debug_macro   0x00015d87      0x1a7 ./Core/Src/canbus.o
 .debug_macro   0x00015f2e      0x1a7 ./Core/Src/canbus.o
 .debug_macro   0x000160d5      0x22c ./Core/Src/canbus.o
 .debug_macro   0x00016301       0x34 ./Core/Src/canbus.o
 .debug_macro   0x00016335       0x43 ./Core/Src/canbus.o
 .debug_macro   0x00016378       0x28 ./Core/Src/canbus.o
 .debug_macro   0x000163a0      0x408 ./Core/Src/canbus.o
 .debug_macro   0x000167a8       0xb0 ./Core/Src/canbus.o
 .debug_macro   0x00016858      0x217 ./Core/Src/canbus.o
 .debug_macro   0x00016a6f      0x22c ./Core/Src/canbus.o
 .debug_macro   0x00016c9b       0x61 ./Core/Src/canbus.o
 .debug_macro   0x00016cfc       0xa5 ./Core/Src/canbus.o
 .debug_macro   0x00016da1       0x73 ./Core/Src/canbus.o
 .debug_macro   0x00016e14      0x22d ./Core/Src/canbus.o
 .debug_macro   0x00017041       0x4c ./Core/Src/canbus.o
 .debug_macro   0x0001708d      0x16d ./Core/Src/canbus.o
 .debug_macro   0x000171fa      0x2fe ./Core/Src/canbus.o
 .debug_macro   0x000174f8      0x5ba ./Core/Src/canbus.o
 .debug_macro   0x00017ab2       0x44 ./Core/Src/canbus.o
 .debug_macro   0x00017af6      0x130 ./Core/Src/canbus.o
 .debug_macro   0x00017c26       0x10 ./Core/Src/canbus.o
 .debug_macro   0x00017c36      0x36d ./Core/Src/main.o
 .debug_macro   0x00017fa3       0x88 ./Core/Src/main.o
 .debug_macro   0x0001802b       0xde ./Core/Src/main.o
 .debug_macro   0x00018109       0xf5 ./Core/Src/main.o
 .debug_macro   0x000181fe       0x8e ./Core/Src/main.o
 .debug_macro   0x0001828c       0x61 ./Core/Src/main.o
 .debug_macro   0x000182ed       0x24 ./Core/Src/main.o
 .debug_macro   0x00018311       0x43 ./Core/Src/main.o
 .debug_macro   0x00018354       0x34 ./Core/Src/main.o
 .debug_macro   0x00018388       0x16 ./Core/Src/main.o
 .debug_macro   0x0001839e       0x3c ./Core/Src/main.o
 .debug_macro   0x000183da      0x370 ./Core/Src/main.o
 .debug_macro   0x0001874a       0x10 ./Core/Src/main.o
 .debug_macro   0x0001875a       0x16 ./Core/Src/main.o
 .debug_macro   0x00018770       0x4a ./Core/Src/main.o
 .debug_macro   0x000187ba       0x34 ./Core/Src/main.o
 .debug_macro   0x000187ee       0x10 ./Core/Src/main.o
 .debug_macro   0x000187fe       0x58 ./Core/Src/main.o
 .debug_macro   0x00018856       0x8e ./Core/Src/main.o
 .debug_macro   0x000188e4       0x1c ./Core/Src/main.o
 .debug_macro   0x00018900      0x185 ./Core/Src/main.o
 .debug_macro   0x00018a85       0x16 ./Core/Src/main.o
 .debug_macro   0x00018a9b       0x16 ./Core/Src/main.o
 .debug_macro   0x00018ab1      0x146 ./Core/Src/main.o
 .debug_macro   0x00018bf7       0x16 ./Core/Src/main.o
 .debug_macro   0x00018c0d       0x20 ./Core/Src/main.o
 .debug_macro   0x00018c2d       0x4c ./Core/Src/main.o
 .debug_macro   0x00018c79       0x16 ./Core/Src/main.o
 .debug_macro   0x00018c8f      0x200 ./Core/Src/stm32f0xx_hal_msp.o
 .debug_macro   0x00018e8f      0x20a ./Core/Src/stm32f0xx_it.o
 .debug_macro   0x00019099      0x112 ./Core/Src/sysmem.o
 .debug_macro   0x000191ab      0x23c ./Core/Src/sysmem.o
 .debug_macro   0x000193e7      0x1f1 ./Core/Src/system_stm32f0xx.o
 .debug_macro   0x000195d8      0x215 ./Drivers/STM32F0xx_HAL_Driver/Src/stm32f0xx_hal.o
 .debug_macro   0x000197ed      0x200 ./Drivers/STM32F0xx_HAL_Driver/Src/stm32f0xx_hal_can.o
 .debug_macro   0x000199ed      0x1f1 ./Drivers/STM32F0xx_HAL_Driver/Src/stm32f0xx_hal_cortex.o
 .debug_macro   0x00019bde      0x1f1 ./Drivers/STM32F0xx_HAL_Driver/Src/stm32f0xx_hal_flash.o
 .debug_macro   0x00019dcf      0x203 ./Drivers/STM32F0xx_HAL_Driver/Src/stm32f0xx_hal_flash_ex.o
 .debug_macro   0x00019fd2      0x1f8 ./Drivers/STM32F0xx_HAL_Driver/Src/stm32f0xx_hal_gpio.o
 .debug_macro   0x0001a1ca      0x1fd ./Drivers/STM32F0xx_HAL_Driver/Src/stm32f0xx_hal_pcd.o
 .debug_macro   0x0001a3c7      0x1f1 ./Drivers/STM32F0xx_HAL_Driver/Src/stm32f0xx_hal_pcd_ex.o
 .debug_macro   0x0001a5b8      0x203 ./Drivers/STM32F0xx_HAL_Driver/Src/stm32f0xx_hal_rcc.o
 .debug_macro   0x0001a7bb      0x203 ./Drivers/STM32F0xx_HAL_Driver/Src/stm32f0xx_hal_rcc_ex.o
 .debug_macro   0x0001a9be      0x1f9 ./Drivers/STM32F0xx_HAL_Driver/Src/stm32f0xx_hal_spi.o
 .debug_macro   0x0001abb7      0x20e ./Drivers/STM32F0xx_HAL_Driver/Src/stm32f0xx_hal_uart.o
 .debug_macro   0x0001adc5      0x1f1 ./Drivers/STM32F0xx_HAL_Driver/Src/stm32f0xx_ll_usb.o
 .debug_macro   0x0001afb6      0x253 ./FATFS/App/fatfs.o
 .debug_macro   0x0001b209       0xd8 ./FATFS/App/fatfs.o
 .debug_macro   0x0001b2e1      0x31a ./FATFS/Target/user_diskio.o
 .debug_macro   0x0001b5fb       0x10 ./FATFS/Target/user_diskio.o
 .debug_macro   0x0001b60b       0x16 ./FATFS/Target/user_diskio.o
 .debug_macro   0x0001b621       0x7c ./FATFS/Target/user_diskio.o
 .debug_macro   0x0001b69d       0x4f ./FATFS/Target/user_diskio.o
 .debug_macro   0x0001b6ec      0x2fa ./FATFS/Target/user_diskio_spi.o
 .debug_macro   0x0001b9e6       0x8e ./FATFS/Target/user_diskio_spi.o
 .debug_macro   0x0001ba74      0x240 ./Middlewares/Third_Party/FatFs/src/diskio.o
 .debug_macro   0x0001bcb4      0x487 ./Middlewares/Third_Party/FatFs/src/ff.o
 .debug_macro   0x0001c13b       0x58 ./Middlewares/Third_Party/FatFs/src/ff.o
 .debug_macro   0x0001c193      0x240 ./Middlewares/Third_Party/FatFs/src/ff_gen_drv.o

.debug_line     0x00000000    0x17e0e
 .debug_line    0x00000000      0x9bb ./Core/Src/canbus.o
 .debug_line    0x000009bb      0xc98 ./Core/Src/main.o
 .debug_line    0x00001653      0x938 ./Core/Src/stm32f0xx_hal_msp.o
 .debug_line    0x00001f8b      0x865 ./Core/Src/stm32f0xx_it.o
 .debug_line    0x000027f0      0x588 ./Core/Src/sysmem.o
 .debug_line    0x00002d78      0x848 ./Core/Src/system_stm32f0xx.o
 .debug_line    0x000035c0       0x7b ./Core/Startup/startup_stm32f072rbtx.o
 .debug_line    0x0000363b      0xa3f ./Drivers/STM32F0xx_HAL_Driver/Src/stm32f0xx_hal.o
 .debug_line    0x0000407a     0x124c ./Drivers/STM32F0xx_HAL_Driver/Src/stm32f0xx_hal_can.o
 .debug_line    0x000052c6      0xae7 ./Drivers/STM32F0xx_HAL_Driver/Src/stm32f0xx_hal_cortex.o
 .debug_line    0x00005dad      0xaf2 ./Drivers/STM32F0xx_HAL_Driver/Src/stm32f0xx_hal_flash.o
 .debug_line    0x0000689f      0xc3f ./Drivers/STM32F0xx_HAL_Driver/Src/stm32f0xx_hal_flash_ex.o
 .debug_line    0x000074de      0xbb9 ./Drivers/STM32F0xx_HAL_Driver/Src/stm32f0xx_hal_gpio.o
 .debug_line    0x00008097     0x1370 ./Drivers/STM32F0xx_HAL_Driver/Src/stm32f0xx_hal_pcd.o
 .debug_line    0x00009407      0x962 ./Drivers/STM32F0xx_HAL_Driver/Src/stm32f0xx_hal_pcd_ex.o
 .debug_line    0x00009d69      0xf84 ./Drivers/STM32F0xx_HAL_Driver/Src/stm32f0xx_hal_rcc.o
 .debug_line    0x0000aced      0xd00 ./Drivers/STM32F0xx_HAL_Driver/Src/stm32f0xx_hal_rcc_ex.o
 .debug_line    0x0000b9ed     0x205e ./Drivers/STM32F0xx_HAL_Driver/Src/stm32f0xx_hal_spi.o
 .debug_line    0x0000da4b     0x2dce ./Drivers/STM32F0xx_HAL_Driver/Src/stm32f0xx_hal_uart.o
 .debug_line    0x00010819     0x112c ./Drivers/STM32F0xx_HAL_Driver/Src/stm32f0xx_ll_usb.o
 .debug_line    0x00011945      0x860 ./FATFS/App/fatfs.o
 .debug_line    0x000121a5      0x9f6 ./FATFS/Target/user_diskio.o
 .debug_line    0x00012b9b      0xf9c ./FATFS/Target/user_diskio_spi.o
 .debug_line    0x00013b37      0x8cc ./Middlewares/Third_Party/FatFs/src/diskio.o
 .debug_line    0x00014403     0x3122 ./Middlewares/Third_Party/FatFs/src/ff.o
 .debug_line    0x00017525      0x8e9 ./Middlewares/Third_Party/FatFs/src/ff_gen_drv.o

.debug_str      0x00000000    0x9a955
 .debug_str     0x00000000    0x9a955 ./Core/Src/canbus.o
                              0x91763 (size before relaxing)
 .debug_str     0x0009a955    0x968c6 ./Core/Src/main.o
 .debug_str     0x0009a955    0x92218 ./Core/Src/stm32f0xx_hal_msp.o
 .debug_str     0x0009a955    0x916be ./Core/Src/stm32f0xx_it.o
 .debug_str     0x0009a955     0x767c ./Core/Src/sysmem.o
 .debug_str     0x0009a955    0x91202 ./Core/Src/system_stm32f0xx.o
 .debug_str     0x0009a955       0x86 ./Core/Startup/startup_stm32f072rbtx.o
 .debug_str     0x0009a955    0x917f8 ./Drivers/STM32F0xx_HAL_Driver/Src/stm32f0xx_hal.o
 .debug_str     0x0009a955    0x919db ./Drivers/STM32F0xx_HAL_Driver/Src/stm32f0xx_hal_can.o
 .debug_str     0x0009a955    0x915e9 ./Drivers/STM32F0xx_HAL_Driver/Src/stm32f0xx_hal_cortex.o
 .debug_str     0x0009a955    0x914ad ./Drivers/STM32F0xx_HAL_Driver/Src/stm32f0xx_hal_flash.o
 .debug_str     0x0009a955    0x9162c ./Drivers/STM32F0xx_HAL_Driver/Src/stm32f0xx_hal_flash_ex.o
 .debug_str     0x0009a955    0x913a3 ./Drivers/STM32F0xx_HAL_Driver/Src/stm32f0xx_hal_gpio.o
 .debug_str     0x0009a955    0x91acd ./Drivers/STM32F0xx_HAL_Driver/Src/stm32f0xx_hal_pcd.o
 .debug_str     0x0009a955    0x91709 ./Drivers/STM32F0xx_HAL_Driver/Src/stm32f0xx_hal_pcd_ex.o
 .debug_str     0x0009a955    0x91649 ./Drivers/STM32F0xx_HAL_Driver/Src/stm32f0xx_hal_rcc.o
 .debug_str     0x0009a955    0x91601 ./Drivers/STM32F0xx_HAL_Driver/Src/stm32f0xx_hal_rcc_ex.o
 .debug_str     0x0009a955    0x91b72 ./Drivers/STM32F0xx_HAL_Driver/Src/stm32f0xx_hal_spi.o
 .debug_str     0x0009a955    0x91f66 ./Drivers/STM32F0xx_HAL_Driver/Src/stm32f0xx_hal_uart.o
 .debug_str     0x0009a955    0x9160a ./Drivers/STM32F0xx_HAL_Driver/Src/stm32f0xx_ll_usb.o
 .debug_str     0x0009a955    0x91c7b ./FATFS/App/fatfs.o
 .debug_str     0x0009a955    0x94de5 ./FATFS/Target/user_diskio.o
 .debug_str     0x0009a955    0x923df ./FATFS/Target/user_diskio_spi.o
 .debug_str     0x0009a955    0x91ba7 ./Middlewares/Third_Party/FatFs/src/diskio.o
 .debug_str     0x0009a955    0x929d2 ./Middlewares/Third_Party/FatFs/src/ff.o
 .debug_str     0x0009a955    0x91bf8 ./Middlewares/Third_Party/FatFs/src/ff_gen_drv.o

.comment        0x00000000       0x43
 .comment       0x00000000       0x43 ./Core/Src/canbus.o
                                 0x44 (size before relaxing)
 .comment       0x00000043       0x44 ./Core/Src/main.o
 .comment       0x00000043       0x44 ./Core/Src/stm32f0xx_hal_msp.o
 .comment       0x00000043       0x44 ./Core/Src/stm32f0xx_it.o
 .comment       0x00000043       0x44 ./Core/Src/sysmem.o
 .comment       0x00000043       0x44 ./Core/Src/system_stm32f0xx.o
 .comment       0x00000043       0x44 ./Drivers/STM32F0xx_HAL_Driver/Src/stm32f0xx_hal.o
 .comment       0x00000043       0x44 ./Drivers/STM32F0xx_HAL_Driver/Src/stm32f0xx_hal_can.o
 .comment       0x00000043       0x44 ./Drivers/STM32F0xx_HAL_Driver/Src/stm32f0xx_hal_cortex.o
 .comment       0x00000043       0x44 ./Drivers/STM32F0xx_HAL_Driver/Src/stm32f0xx_hal_flash.o
 .comment       0x00000043       0x44 ./Drivers/STM32F0xx_HAL_Driver/Src/stm32f0xx_hal_flash_ex.o
 .comment       0x00000043       0x44 ./Drivers/STM32F0xx_HAL_Driver/Src/stm32f0xx_hal_gpio.o
 .comment       0x00000043       0x44 ./Drivers/STM32F0xx_HAL_Driver/Src/stm32f0xx_hal_pcd.o
 .comment       0x00000043       0x44 ./Drivers/STM32F0xx_HAL_Driver/Src/stm32f0xx_hal_pcd_ex.o
 .comment       0x00000043       0x44 ./Drivers/STM32F0xx_HAL_Driver/Src/stm32f0xx_hal_rcc.o
 .comment       0x00000043       0x44 ./Drivers/STM32F0xx_HAL_Driver/Src/stm32f0xx_hal_rcc_ex.o
 .comment       0x00000043       0x44 ./Drivers/STM32F0xx_HAL_Driver/Src/stm32f0xx_hal_spi.o
 .comment       0x00000043       0x44 ./Drivers/STM32F0xx_HAL_Driver/Src/stm32f0xx_hal_uart.o
 .comment       0x00000043       0x44 ./Drivers/STM32F0xx_HAL_Driver/Src/stm32f0xx_ll_usb.o
 .comment       0x00000043       0x44 ./FATFS/App/fatfs.o
 .comment       0x00000043       0x44 ./FATFS/Target/user_diskio.o
 .comment       0x00000043       0x44 ./FATFS/Target/user_diskio_spi.o
 .comment       0x00000043       0x44 ./Middlewares/Third_Party/FatFs/src/diskio.o
 .comment       0x00000043       0x44 ./Middlewares/Third_Party/FatFs/src/ff.o
 .comment       0x00000043       0x44 ./Middlewares/Third_Party/FatFs/src/ff_gen_drv.o

.debug_frame    0x00000000     0x4070
 .debug_frame   0x00000000      0x108 ./Core/Src/canbus.o
 .debug_frame   0x00000108      0x134 ./Core/Src/main.o
 .debug_frame   0x0000023c      0x130 ./Core/Src/stm32f0xx_hal_msp.o
 .debug_frame   0x0000036c       0xf0 ./Core/Src/stm32f0xx_it.o
 .debug_frame   0x0000045c       0x30 ./Core/Src/sysmem.o
 .debug_frame   0x0000048c       0x4c ./Core/Src/system_stm32f0xx.o
 .debug_frame   0x000004d8      0x2a4 ./Drivers/STM32F0xx_HAL_Driver/Src/stm32f0xx_hal.o
 .debug_frame   0x0000077c      0x490 ./Drivers/STM32F0xx_HAL_Driver/Src/stm32f0xx_hal_can.o
 .debug_frame   0x00000c0c      0x2a0 ./Drivers/STM32F0xx_HAL_Driver/Src/stm32f0xx_hal_cortex.o
 .debug_frame   0x00000eac      0x1c4 ./Drivers/STM32F0xx_HAL_Driver/Src/stm32f0xx_hal_flash.o
 .debug_frame   0x00001070      0x220 ./Drivers/STM32F0xx_HAL_Driver/Src/stm32f0xx_hal_flash_ex.o
 .debug_frame   0x00001290      0x110 ./Drivers/STM32F0xx_HAL_Driver/Src/stm32f0xx_hal_gpio.o
 .debug_frame   0x000013a0      0x498 ./Drivers/STM32F0xx_HAL_Driver/Src/stm32f0xx_hal_pcd.o
 .debug_frame   0x00001838      0x110 ./Drivers/STM32F0xx_HAL_Driver/Src/stm32f0xx_hal_pcd_ex.o
 .debug_frame   0x00001948      0x198 ./Drivers/STM32F0xx_HAL_Driver/Src/stm32f0xx_hal_rcc.o
 .debug_frame   0x00001ae0      0x180 ./Drivers/STM32F0xx_HAL_Driver/Src/stm32f0xx_hal_rcc_ex.o
 .debug_frame   0x00001c60      0x710 ./Drivers/STM32F0xx_HAL_Driver/Src/stm32f0xx_hal_spi.o
 .debug_frame   0x00002370      0x850 ./Drivers/STM32F0xx_HAL_Driver/Src/stm32f0xx_hal_uart.o
 .debug_frame   0x00002bc0      0x2d0 ./Drivers/STM32F0xx_HAL_Driver/Src/stm32f0xx_ll_usb.o
 .debug_frame   0x00002e90       0x48 ./FATFS/App/fatfs.o
 .debug_frame   0x00002ed8       0xb8 ./FATFS/Target/user_diskio.o
 .debug_frame   0x00002f90      0x218 ./FATFS/Target/user_diskio_spi.o
 .debug_frame   0x000031a8       0xdc ./Middlewares/Third_Party/FatFs/src/diskio.o
 .debug_frame   0x00003284      0x7dc ./Middlewares/Third_Party/FatFs/src/ff.o
 .debug_frame   0x00003a60       0xac ./Middlewares/Third_Party/FatFs/src/ff_gen_drv.o
 .debug_frame   0x00003b0c      0x138 C:/ST/STM32CubeIDE_1.19.0/STM32CubeIDE/plugins/com.st.stm32cube.ide.mcu.externaltools.gnu-tools-for-stm32.13.3.rel1.win32_1.0.0.202411081344/tools/bin/../lib/gcc/arm-none-eabi/13.3.1/../../../../arm-none-eabi/lib/thumb/v6-m/nofp\libc_nano.a(libc_a-findfp.o)
 .debug_frame   0x00003c44       0x50 C:/ST/STM32CubeIDE_1.19.0/STM32CubeIDE/plugins/com.st.stm32cube.ide.mcu.externaltools.gnu-tools-for-stm32.13.3.rel1.win32_1.0.0.202411081344/tools/bin/../lib/gcc/arm-none-eabi/13.3.1/../../../../arm-none-eabi/lib/thumb/v6-m/nofp\libc_nano.a(libc_a-sprintf.o)
 .debug_frame   0x00003c94       0x20 C:/ST/STM32CubeIDE_1.19.0/STM32CubeIDE/plugins/com.st.stm32cube.ide.mcu.externaltools.gnu-tools-for-stm32.13.3.rel1.win32_1.0.0.202411081344/tools/bin/../lib/gcc/arm-none-eabi/13.3.1/../../../../arm-none-eabi/lib/thumb/v6-m/nofp\libc_nano.a(libc_a-memset.o)
 .debug_frame   0x00003cb4       0x2c C:/ST/STM32CubeIDE_1.19.0/STM32CubeIDE/plugins/com.st.stm32cube.ide.mcu.externaltools.gnu-tools-for-stm32.13.3.rel1.win32_1.0.0.202411081344/tools/bin/../lib/gcc/arm-none-eabi/13.3.1/../../../../arm-none-eabi/lib/thumb/v6-m/nofp\libc_nano.a(libc_a-reent.o)
 .debug_frame   0x00003ce0       0x20 C:/ST/STM32CubeIDE_1.19.0/STM32CubeIDE/plugins/com.st.stm32cube.ide.mcu.externaltools.gnu-tools-for-stm32.13.3.rel1.win32_1.0.0.202411081344/tools/bin/../lib/gcc/arm-none-eabi/13.3.1/../../../../arm-none-eabi/lib/thumb/v6-m/nofp\libc_nano.a(libc_a-errno.o)
 .debug_frame   0x00003d00       0x2c C:/ST/STM32CubeIDE_1.19.0/STM32CubeIDE/plugins/com.st.stm32cube.ide.mcu.externaltools.gnu-tools-for-stm32.13.3.rel1.win32_1.0.0.202411081344/tools/bin/../lib/gcc/arm-none-eabi/13.3.1/../../../../arm-none-eabi/lib/thumb/v6-m/nofp\libc_nano.a(libc_a-init.o)
 .debug_frame   0x00003d2c       0xb0 C:/ST/STM32CubeIDE_1.19.0/STM32CubeIDE/plugins/com.st.stm32cube.ide.mcu.externaltools.gnu-tools-for-stm32.13.3.rel1.win32_1.0.0.202411081344/tools/bin/../lib/gcc/arm-none-eabi/13.3.1/../../../../arm-none-eabi/lib/thumb/v6-m/nofp\libc_nano.a(libc_a-lock.o)
 .debug_frame   0x00003ddc       0x28 C:/ST/STM32CubeIDE_1.19.0/STM32CubeIDE/plugins/com.st.stm32cube.ide.mcu.externaltools.gnu-tools-for-stm32.13.3.rel1.win32_1.0.0.202411081344/tools/bin/../lib/gcc/arm-none-eabi/13.3.1/../../../../arm-none-eabi/lib/thumb/v6-m/nofp\libc_nano.a(libc_a-memcpy-stub.o)
 .debug_frame   0x00003e04       0x2c C:/ST/STM32CubeIDE_1.19.0/STM32CubeIDE/plugins/com.st.stm32cube.ide.mcu.externaltools.gnu-tools-for-stm32.13.3.rel1.win32_1.0.0.202411081344/tools/bin/../lib/gcc/arm-none-eabi/13.3.1/../../../../arm-none-eabi/lib/thumb/v6-m/nofp\libc_nano.a(libc_a-freer.o)
 .debug_frame   0x00003e30       0x50 C:/ST/STM32CubeIDE_1.19.0/STM32CubeIDE/plugins/com.st.stm32cube.ide.mcu.externaltools.gnu-tools-for-stm32.13.3.rel1.win32_1.0.0.202411081344/tools/bin/../lib/gcc/arm-none-eabi/13.3.1/../../../../arm-none-eabi/lib/thumb/v6-m/nofp\libc_nano.a(libc_a-mallocr.o)
 .debug_frame   0x00003e80       0x40 C:/ST/STM32CubeIDE_1.19.0/STM32CubeIDE/plugins/com.st.stm32cube.ide.mcu.externaltools.gnu-tools-for-stm32.13.3.rel1.win32_1.0.0.202411081344/tools/bin/../lib/gcc/arm-none-eabi/13.3.1/../../../../arm-none-eabi/lib/thumb/v6-m/nofp\libc_nano.a(libc_a-mlock.o)