../Core/Src/canbus.c:36:6:CANbus_Init	8	static
../Core/Src/canbus.c:43:6:CAN_EnableCollection	8	static
../Core/Src/canbus.c:47:13:CAN_Config	48	static,ignoring_inline_asm
../Core/Src/canbus.c:95:6:HAL_CAN_RxFifo0MsgPendingCallback	24	static,ignoring_inline_asm
../Core/Src/canbus.c:136:6:HAL_CAN_ErrorCallback	16	static
../Core/Src/canbus.c:142:6:CANbus_Send	24	static,ignoring_inline_asm
../Core/Src/canbus.c:161:6:CAN_Task	24	static
../Core/Src/canbus.c:179:5:CAN_Dequeue	24	static
../Core/Src/canbus.c:196:6:CAN_Transmit	16	static,ignoring_inline_asm
