../Core/Src/main.c:107:5:main	8	static
../Core/Src/main.c:189:6:SystemClock_Config	112	static
../Core/Src/main.c:238:13:MX_CAN_Init	8	static
../Core/Src/main.c:299:13:MX_SPI1_Init	8	static
../Core/Src/main.c:339:13:MX_SPI2_Init	8	static
../Core/Src/main.c:379:13:MX_TIM2_Init	32	static
../Core/Src/main.c:425:13:MX_USART2_UART_Init	8	static
../Core/Src/main.c:460:13:MX_USB_PCD_Init	8	static
../Core/Src/main.c:492:13:MX_GPIO_Init	56	static
../Core/Src/main.c:541:6:Logging_Task	184	static
../Core/Src/main.c:603:6:Error_Handler	8	static,ignoring_inline_asm
